Component: ARM Compiler 5.06 update 6 (build 750) Tool: armlink [4d35ed]

==============================================================================

Section Cross References

    startup_stm32f103xb.o(RESET) refers to startup_stm32f103xb.o(STACK) for __initial_sp
    startup_stm32f103xb.o(RESET) refers to startup_stm32f103xb.o(.text) for Reset_Handler
    startup_stm32f103xb.o(RESET) refers to stm32f1xx_it.o(i.NMI_Handler) for NMI_Handler
    startup_stm32f103xb.o(RESET) refers to stm32f1xx_it.o(i.HardFault_Handler) for HardFault_Handler
    startup_stm32f103xb.o(RESET) refers to stm32f1xx_it.o(i.MemManage_Handler) for MemManage_Handler
    startup_stm32f103xb.o(RESET) refers to stm32f1xx_it.o(i.BusFault_Handler) for BusFault_Handler
    startup_stm32f103xb.o(RESET) refers to stm32f1xx_it.o(i.UsageFault_Handler) for UsageFault_Handler
    startup_stm32f103xb.o(RESET) refers to stm32f1xx_it.o(i.SVC_Handler) for SVC_Handler
    startup_stm32f103xb.o(RESET) refers to stm32f1xx_it.o(i.DebugMon_Handler) for DebugMon_Handler
    startup_stm32f103xb.o(RESET) refers to stm32f1xx_it.o(i.PendSV_Handler) for PendSV_Handler
    startup_stm32f103xb.o(RESET) refers to stm32f1xx_it.o(i.SysTick_Handler) for SysTick_Handler
    startup_stm32f103xb.o(RESET) refers to stm32f1xx_it.o(i.USART1_IRQHandler) for USART1_IRQHandler
    startup_stm32f103xb.o(RESET) refers to stm32f1xx_it.o(i.USART2_IRQHandler) for USART2_IRQHandler
    startup_stm32f103xb.o(.text) refers to system_stm32f1xx.o(i.SystemInit) for SystemInit
    startup_stm32f103xb.o(.text) refers to entry.o(.ARM.Collect$$$$00000000) for __main
    gps.o(i.GPS_CallBack) refers to stm32f1xx_hal.o(i.HAL_GetTick) for HAL_GetTick
    gps.o(i.GPS_CallBack) refers to stm32f1xx_hal_uart.o(i.HAL_UART_Receive_IT) for HAL_UART_Receive_IT
    gps.o(i.GPS_CallBack) refers to gps.o(.bss) for .bss
    gps.o(i.GPS_CallBack) refers to usart.o(.bss) for huart1
    gps.o(i.GPS_Init) refers to stm32f1xx_hal_uart.o(i.HAL_UART_Receive_IT) for HAL_UART_Receive_IT
    gps.o(i.GPS_Init) refers to gps.o(.bss) for .bss
    gps.o(i.GPS_Init) refers to usart.o(.bss) for huart1
    gps.o(i.GPS_Process) refers to _scanf_int.o(.text) for _scanf_int
    gps.o(i.GPS_Process) refers to _scanf_str.o(.text) for _scanf_string
    gps.o(i.GPS_Process) refers to scanf_fp.o(.text) for _scanf_real
    gps.o(i.GPS_Process) refers to stm32f1xx_hal.o(i.HAL_GetTick) for HAL_GetTick
    gps.o(i.GPS_Process) refers to strstr.o(.text) for strstr
    gps.o(i.GPS_Process) refers to memseta.o(.text) for __aeabi_memclr4
    gps.o(i.GPS_Process) refers to __0sscanf.o(.text) for __0sscanf
    gps.o(i.GPS_Process) refers to gps.o(i.convertDegMinToDecDeg) for convertDegMinToDecDeg
    gps.o(i.GPS_Process) refers to transform.o(i.wgs84_to_gcj02) for wgs84_to_gcj02
    gps.o(i.GPS_Process) refers to transform.o(i.gcj02_to_bd09) for gcj02_to_bd09
    gps.o(i.GPS_Process) refers to printfa.o(i.__0printf) for __2printf
    gps.o(i.GPS_Process) refers to stm32f1xx_hal_uart.o(i.HAL_UART_Receive_IT) for HAL_UART_Receive_IT
    gps.o(i.GPS_Process) refers to gps.o(.bss) for .bss
    gps.o(i.GPS_Process) refers to gps.o(.conststring) for .conststring
    gps.o(i.GPS_Process) refers to usart.o(.bss) for huart1
    gps.o(i.convertDegMinToDecDeg) refers to f2d.o(.text) for __aeabi_f2d
    gps.o(i.convertDegMinToDecDeg) refers to fmod.o(i.fmod) for fmod
    gps.o(i.convertDegMinToDecDeg) refers to fdiv.o(.text) for __aeabi_fdiv
    gps.o(i.convertDegMinToDecDeg) refers to ffixi.o(.text) for __aeabi_f2iz
    gps.o(i.convertDegMinToDecDeg) refers to fflti.o(.text) for __aeabi_i2f
    gps.o(i.convertDegMinToDecDeg) refers to ddiv.o(.text) for __aeabi_ddiv
    gps.o(i.convertDegMinToDecDeg) refers to dadd.o(.text) for __aeabi_dadd
    main.o(i.HAL_UART_RxCpltCallback) refers to gps.o(i.GPS_CallBack) for GPS_CallBack
    main.o(i.SystemClock_Config) refers to memseta.o(.text) for __aeabi_memclr4
    main.o(i.SystemClock_Config) refers to stm32f1xx_hal_rcc.o(i.HAL_RCC_OscConfig) for HAL_RCC_OscConfig
    main.o(i.SystemClock_Config) refers to stm32f1xx_hal_rcc.o(i.HAL_RCC_ClockConfig) for HAL_RCC_ClockConfig
    main.o(i.main) refers to stm32f1xx_hal.o(i.HAL_Init) for HAL_Init
    main.o(i.main) refers to gps.o(i.GPS_Init) for GPS_Init
    main.o(i.main) refers to main.o(i.SystemClock_Config) for SystemClock_Config
    main.o(i.main) refers to gpio.o(i.MX_GPIO_Init) for MX_GPIO_Init
    main.o(i.main) refers to i2c.o(i.MX_I2C1_Init) for MX_I2C1_Init
    main.o(i.main) refers to usart.o(i.MX_USART1_UART_Init) for MX_USART1_UART_Init
    main.o(i.main) refers to usart.o(i.MX_USART2_UART_Init) for MX_USART2_UART_Init
    main.o(i.main) refers to gps.o(i.GPS_Process) for GPS_Process
    i2c.o(i.HAL_I2C_MspDeInit) refers to stm32f1xx_hal_gpio.o(i.HAL_GPIO_DeInit) for HAL_GPIO_DeInit
    i2c.o(i.HAL_I2C_MspInit) refers to stm32f1xx_hal_gpio.o(i.HAL_GPIO_Init) for HAL_GPIO_Init
[...]
    Removing stm32f1xx_hal_gpio.o(i.HAL_GPIO_EXTI_Callback), (2 bytes).
    Removing stm32f1xx_hal_gpio.o(i.HAL_GPIO_EXTI_IRQHandler), (24 bytes).
    Removing stm32f1xx_hal_gpio.o(i.HAL_GPIO_LockPin), (34 bytes).
    Removing stm32f1xx_hal_gpio.o(i.HAL_GPIO_ReadPin), (10 bytes).
    Removing stm32f1xx_hal_gpio.o(i.HAL_GPIO_TogglePin), (14 bytes).
    Removing stm32f1xx_hal_gpio.o(i.HAL_GPIO_WritePin), (10 bytes).
    Removing stm32f1xx_hal_dma.o(.rev16_text), (4 bytes).
    Removing stm32f1xx_hal_dma.o(.revsh_text), (4 bytes).
    Removing stm32f1xx_hal_dma.o(.rrx_text), (6 bytes).
    Removing stm32f1xx_hal_dma.o(i.DMA_SetConfig), (42 bytes).
    Removing stm32f1xx_hal_dma.o(i.HAL_DMA_Abort), (70 bytes).
    Removing stm32f1xx_hal_dma.o(i.HAL_DMA_DeInit), (92 bytes).
    Removing stm32f1xx_hal_dma.o(i.HAL_DMA_GetError), (4 bytes).
    Removing stm32f1xx_hal_dma.o(i.HAL_DMA_GetState), (6 bytes).
    Removing stm32f1xx_hal_dma.o(i.HAL_DMA_IRQHandler), (340 bytes).
    Removing stm32f1xx_hal_dma.o(i.HAL_DMA_Init), (92 bytes).
    Removing stm32f1xx_hal_dma.o(i.HAL_DMA_PollForTransfer), (532 bytes).
    Removing stm32f1xx_hal_dma.o(i.HAL_DMA_RegisterCallback), (74 bytes).
    Removing stm32f1xx_hal_dma.o(i.HAL_DMA_Start), (80 bytes).
    Removing stm32f1xx_hal_dma.o(i.HAL_DMA_Start_IT), (112 bytes).
    Removing stm32f1xx_hal_dma.o(i.HAL_DMA_UnRegisterCallback), (82 bytes).
    Removing stm32f1xx_hal_cortex.o(.rev16_text), (4 bytes).
    Removing stm32f1xx_hal_cortex.o(.revsh_text), (4 bytes).
    Removing stm32f1xx_hal_cortex.o(.rrx_text), (6 bytes).
    Removing stm32f1xx_hal_cortex.o(i.HAL_NVIC_ClearPendingIRQ), (26 bytes).
    Removing stm32f1xx_hal_cortex.o(i.HAL_NVIC_DisableIRQ), (34 bytes).
    Removing stm32f1xx_hal_cortex.o(i.HAL_NVIC_GetActive), (36 bytes).
    Removing stm32f1xx_hal_cortex.o(i.HAL_NVIC_GetPendingIRQ), (36 bytes).
    Removing stm32f1xx_hal_cortex.o(i.HAL_NVIC_GetPriority), (82 bytes).
    Removing stm32f1xx_hal_cortex.o(i.HAL_NVIC_GetPriorityGrouping), (16 bytes).
    Removing stm32f1xx_hal_cortex.o(i.HAL_NVIC_SetPendingIRQ), (26 bytes).
    Removing stm32f1xx_hal_cortex.o(i.HAL_NVIC_SystemReset), (36 bytes).
    Removing stm32f1xx_hal_cortex.o(i.HAL_SYSTICK_CLKSourceConfig), (24 bytes).
    Removing stm32f1xx_hal_cortex.o(i.HAL_SYSTICK_Callback), (2 bytes).
    Removing stm32f1xx_hal_cortex.o(i.HAL_SYSTICK_IRQHandler), (8 bytes).
    Removing stm32f1xx_hal_pwr.o(.rev16_text), (4 bytes).
    Removing stm32f1xx_hal_pwr.o(.revsh_text), (4 bytes).
    Removing stm32f1xx_hal_pwr.o(.rrx_text), (6 bytes).
    Removing stm32f1xx_hal_pwr.o(i.HAL_PWR_ConfigPVD), (124 bytes).
    Removing stm32f1xx_hal_pwr.o(i.HAL_PWR_DeInit), (24 bytes).
    Removing stm32f1xx_hal_pwr.o(i.HAL_PWR_DisableBkUpAccess), (12 bytes).
    Removing stm32f1xx_hal_pwr.o(i.HAL_PWR_DisablePVD), (12 bytes).
    Removing stm32f1xx_hal_pwr.o(i.HAL_PWR_DisableSEVOnPend), (16 bytes).
    Removing stm32f1xx_hal_pwr.o(i.HAL_PWR_DisableSleepOnExit), (16 bytes).
    Removing stm32f1xx_hal_pwr.o(i.HAL_PWR_DisableWakeUpPin), (28 bytes).
    Removing stm32f1xx_hal_pwr.o(i.HAL_PWR_EnableBkUpAccess), (12 bytes).
    Removing stm32f1xx_hal_pwr.o(i.HAL_PWR_EnablePVD), (12 bytes).
    Removing stm32f1xx_hal_pwr.o(i.HAL_PWR_EnableSEVOnPend), (16 bytes).
    Removing stm32f1xx_hal_pwr.o(i.HAL_PWR_EnableSleepOnExit), (16 bytes).
    Removing stm32f1xx_hal_pwr.o(i.HAL_PWR_EnableWakeUpPin), (28 bytes).
    Removing stm32f1xx_hal_pwr.o(i.HAL_PWR_EnterSLEEPMode), (32 bytes).
    Removing stm32f1xx_hal_pwr.o(i.HAL_PWR_EnterSTANDBYMode), (32 bytes).
    Removing stm32f1xx_hal_pwr.o(i.HAL_PWR_EnterSTOPMode), (68 bytes).
    Removing stm32f1xx_hal_pwr.o(i.HAL_PWR_PVDCallback), (2 bytes).
    Removing stm32f1xx_hal_pwr.o(i.HAL_PWR_PVD_IRQHandler), (28 bytes).
    Removing stm32f1xx_hal_pwr.o(i.PWR_OverloadWfe), (6 bytes).
    Removing stm32f1xx_hal_flash.o(.rev16_text), (4 bytes).
    Removing stm32f1xx_hal_flash.o(.revsh_text), (4 bytes).
    Removing stm32f1xx_hal_flash.o(.rrx_text), (6 bytes).
    Removing stm32f1xx_hal_flash.o(i.FLASH_Program_HalfWord), (28 bytes).
    Removing stm32f1xx_hal_flash.o(i.FLASH_SetErrorCode), (92 bytes).
    Removing stm32f1xx_hal_flash.o(i.FLASH_WaitForLastOperation), (84 bytes).
    Removing stm32f1xx_hal_flash.o(i.HAL_FLASH_EndOfOperationCallback), (2 bytes).
    Removing stm32f1xx_hal_flash.o(i.HAL_FLASH_GetError), (12 bytes).
    Removing stm32f1xx_hal_flash.o(i.HAL_FLASH_IRQHandler), (264 bytes).
    Removing stm32f1xx_hal_flash.o(i.HAL_FLASH_Lock), (20 bytes).
    Removing stm32f1xx_hal_flash.o(i.HAL_FLASH_OB_Launch), (4 bytes).
    Removing stm32f1xx_hal_flash.o(i.HAL_FLASH_OB_Lock), (20 bytes).
    Removing stm32f1xx_hal_flash.o(i.HAL_FLASH_OB_Unlock), (36 bytes).
    Removing stm32f1xx_hal_flash.o(i.HAL_FLASH_OperationErrorCallback), (2 bytes).
    Removing stm32f1xx_hal_flash.o(i.HAL_FLASH_Program), (128 bytes).
    Removing stm32f1xx_hal_flash.o(i.HAL_FLASH_Program_IT), (100 bytes).
    Removing stm32f1xx_hal_flash.o(i.HAL_FLASH_Unlock), (40 bytes).
    Removing stm32f1xx_hal_flash.o(.bss), (32 bytes).
    Removing stm32f1xx_hal_flash_ex.o(.rev16_text), (4 bytes).
    Removing stm32f1xx_hal_flash_ex.o(.revsh_text), (4 bytes).
    Removing stm32f1xx_hal_flash_ex.o(.rrx_text), (6 bytes).
    Removing stm32f1xx_hal_flash_ex.o(i.FLASH_MassErase), (36 bytes).
    Removing stm32f1xx_hal_flash_ex.o(i.FLASH_OB_DisableWRP), (176 bytes).
    Removing stm32f1xx_hal_flash_ex.o(i.FLASH_OB_EnableWRP), (176 bytes).
    Removing stm32f1xx_hal_flash_ex.o(i.FLASH_OB_GetRDP), (24 bytes).
    Removing stm32f1xx_hal_flash_ex.o(i.FLASH_OB_RDP_LevelConfig), (100 bytes).
    Removing stm32f1xx_hal_flash_ex.o(i.FLASH_PageErase), (36 bytes).
    Removing stm32f1xx_hal_flash_ex.o(i.HAL_FLASHEx_Erase), (168 bytes).
    Removing stm32f1xx_hal_flash_ex.o(i.HAL_FLASHEx_Erase_IT), (84 bytes).
    Removing stm32f1xx_hal_flash_ex.o(i.HAL_FLASHEx_OBErase), (84 bytes).
    Removing stm32f1xx_hal_flash_ex.o(i.HAL_FLASHEx_OBGetConfig), (36 bytes).
    Removing stm32f1xx_hal_flash_ex.o(i.HAL_FLASHEx_OBGetUserData), (32 bytes).
    Removing stm32f1xx_hal_flash_ex.o(i.HAL_FLASHEx_OBProgram), (200 bytes).
    Removing stm32f1xx_hal_exti.o(.rev16_text), (4 bytes).
    Removing stm32f1xx_hal_exti.o(.revsh_text), (4 bytes).
    Removing stm32f1xx_hal_exti.o(.rrx_text), (6 bytes).
    Removing stm32f1xx_hal_exti.o(i.HAL_EXTI_ClearConfigLine), (104 bytes).
    Removing stm32f1xx_hal_exti.o(i.HAL_EXTI_ClearPending), (20 bytes).
    Removing stm32f1xx_hal_exti.o(i.HAL_EXTI_GenerateSWI), (20 bytes).
    Removing stm32f1xx_hal_exti.o(i.HAL_EXTI_GetConfigLine), (152 bytes).
    Removing stm32f1xx_hal_exti.o(i.HAL_EXTI_GetHandle), (12 bytes).
    Removing stm32f1xx_hal_exti.o(i.HAL_EXTI_GetPending), (24 bytes).
    Removing stm32f1xx_hal_exti.o(i.HAL_EXTI_IRQHandler), (36 bytes).
    Removing stm32f1xx_hal_exti.o(i.HAL_EXTI_RegisterCallback), (14 bytes).
    Removing stm32f1xx_hal_exti.o(i.HAL_EXTI_SetConfigLine), (164 bytes).
    Removing stm32f1xx_hal_tim.o(.rev16_text), (4 bytes).
    Removing stm32f1xx_hal_tim.o(.revsh_text), (4 bytes).
    Removing stm32f1xx_hal_tim.o(.rrx_text), (6 bytes).
    Removing stm32f1xx_hal_tim_ex.o(.rev16_text), (4 bytes).
    Removing stm32f1xx_hal_tim_ex.o(.revsh_text), (4 bytes).
    Removing stm32f1xx_hal_tim_ex.o(.rrx_text), (6 bytes).
    Removing stm32f1xx_hal_uart.o(.rev16_text), (4 bytes).
    Removing stm32f1xx_hal_uart.o(.revsh_text), (4 bytes).
    Removing stm32f1xx_hal_uart.o(.rrx_text), (6 bytes).
    Removing stm32f1xx_hal_uart.o(i.HAL_HalfDuplex_EnableReceiver), (50 bytes).
    Removing stm32f1xx_hal_uart.o(i.HAL_HalfDuplex_EnableTransmitter), (50 bytes).
    Removing stm32f1xx_hal_uart.o(i.HAL_HalfDuplex_Init), (108 bytes).
    Removing stm32f1xx_hal_uart.o(i.HAL_LIN_Init), (128 bytes).
    Removing stm32f1xx_hal_uart.o(i.HAL_LIN_SendBreak), (46 bytes).
    Removing stm32f1xx_hal_uart.o(i.HAL_MultiProcessor_EnterMuteMode), (46 bytes).
    Removing stm32f1xx_hal_uart.o(i.HAL_MultiProcessor_ExitMuteMode), (46 bytes).
    Removing stm32f1xx_hal_uart.o(i.HAL_MultiProcessor_Init), (142 bytes).
    Removing stm32f1xx_hal_uart.o(i.HAL_UART_Abort), (138 bytes).
    Removing stm32f1xx_hal_uart.o(i.HAL_UART_AbortCpltCallback), (2 bytes).
    Removing stm32f1xx_hal_uart.o(i.HAL_UART_AbortReceive), (88 bytes).
    Removing stm32f1xx_hal_uart.o(i.HAL_UART_AbortReceiveCpltCallback), (2 bytes).
    Removing stm32f1xx_hal_uart.o(i.HAL_UART_AbortReceive_IT), (92 bytes).
    Removing stm32f1xx_hal_uart.o(i.HAL_UART_AbortTransmit), (78 bytes).
    Removing stm32f1xx_hal_uart.o(i.HAL_UART_AbortTransmitCpltCallback), (2 bytes).
    Removing stm32f1xx_hal_uart.o(i.HAL_UART_AbortTransmit_IT), (84 bytes).
    Removing stm32f1xx_hal_uart.o(i.HAL_UART_Abort_IT), (172 bytes).
    Removing stm32f1xx_hal_uart.o(i.HAL_UART_DMAPause), (102 bytes).
    Removing stm32f1xx_hal_uart.o(i.HAL_UART_DMAResume), (94 bytes).
    Removing stm32f1xx_hal_uart.o(i.HAL_UART_DMAStop), (88 bytes).
    Removing stm32f1xx_hal_uart.o(i.HAL_UART_DeInit), (50 bytes).
    Removing stm32f1xx_hal_uart.o(i.HAL_UART_GetError), (4 bytes).
    Removing stm32f1xx_hal_uart.o(i.HAL_UART_GetState), (10 bytes).
    Removing stm32f1xx_hal_uart.o(i.HAL_UART_MspDeInit), (2 bytes).
    Removing stm32f1xx_hal_uart.o(i.HAL_UART_MspInit), (2 bytes).
    Removing stm32f1xx_hal_uart.o(i.HAL_UART_Receive), (184 bytes).
    Removing stm32f1xx_hal_uart.o(i.HAL_UART_Receive_DMA), (152 bytes).
    Removing stm32f1xx_hal_uart.o(i.HAL_UART_RxCpltCallback), (2 bytes).
    Removing stm32f1xx_hal_uart.o(i.HAL_UART_RxHalfCpltCallback), (2 bytes).
    Removing stm32f1xx_hal_uart.o(i.HAL_UART_Transmit_DMA), (128 bytes).
    Removing stm32f1xx_hal_uart.o(i.HAL_UART_Transmit_IT), (62 bytes).
    Removing stm32f1xx_hal_uart.o(i.HAL_UART_TxHalfCpltCallback), (2 bytes).
    Removing stm32f1xx_hal_uart.o(i.UART_DMAError), (74 bytes).
    Removing stm32f1xx_hal_uart.o(i.UART_DMAReceiveCplt), (60 bytes).
    Removing stm32f1xx_hal_uart.o(i.UART_DMARxAbortCallback), (42 bytes).
    Removing stm32f1xx_hal_uart.o(i.UART_DMARxHalfCplt), (10 bytes).
    Removing stm32f1xx_hal_uart.o(i.UART_DMARxOnlyAbortCallback), (20 bytes).
    Removing stm32f1xx_hal_uart.o(i.UART_DMATransmitCplt), (46 bytes).
    Removing stm32f1xx_hal_uart.o(i.UART_DMATxAbortCallback), (42 bytes).
    Removing stm32f1xx_hal_uart.o(i.UART_DMATxHalfCplt), (10 bytes).
    Removing stm32f1xx_hal_uart.o(i.UART_DMATxOnlyAbortCallback), (20 bytes).
    Removing stm32f1xx_hal_uart.o(i.UART_EndTxTransfer), (18 bytes).
    Removing system_stm32f1xx.o(.rev16_text), (4 bytes).
    Removing system_stm32f1xx.o(.revsh_text), (4 bytes).
    Removing system_stm32f1xx.o(.rrx_text), (6 bytes).
    Removing system_stm32f1xx.o(i.SystemCoreClockUpdate), (104 bytes).
    Removing cdcmple.o(.text), (48 bytes).

306 unused section(s) (total 22982 bytes) removed from the image.

==============================================================================

Image Symbol Table

    Local Symbols

    Symbol Name                              Value     Ov Type        Size  Object(Section)

    ../Drivers/STM32F1xx_HAL_Driver/Src/stm32f1xx_hal.c 0x00000000   Number         0  stm32f1xx_hal.o ABSOLUTE
    ../Drivers/STM32F1xx_HAL_Driver/Src/stm32f1xx_hal_cortex.c 0x00000000   Number         0  stm32f1xx_hal_cortex.o ABSOLUTE
    ../Drivers/STM32F1xx_HAL_Driver/Src/stm32f1xx_hal_dma.c 0x00000000   Number         0  stm32f1xx_hal_dma.o ABSOLUTE
    ../Drivers/STM32F1xx_HAL_Driver/Src/stm32f1xx_hal_exti.c 0x00000000   Number         0  stm32f1xx_hal_exti.o ABSOLUTE
    ../Drivers/STM32F1xx_HAL_Driver/Src/stm32f1xx_hal_flash.c 0x00000000   Number         0  stm32f1xx_hal_flash.o ABSOLUTE
    ../Drivers/STM32F1xx_HAL_Driver/Src/stm32f1xx_hal_flash_ex.c 0x00000000   Number         0  stm32f1xx_hal_flash_ex.o ABSOLUTE
    ../Drivers/STM32F1xx_HAL_Driver/Src/stm32f1xx_hal_gpio.c 0x00000000   Number         0  stm32f1xx_hal_gpio.o ABSOLUTE
    ../Drivers/STM32F1xx_HAL_Driver/Src/stm32f1xx_hal_gpio_ex.c 0x00000000   Number         0  stm32f1xx_hal_gpio_ex.o ABSOLUTE
    ../Drivers/STM32F1xx_HAL_Driver/Src/stm32f1xx_hal_i2c.c 0x00000000   Number         0  stm32f1xx_hal_i2c.o ABSOLUTE
    ../Drivers/STM32F1xx_HAL_Driver/Src/stm32f1xx_hal_pwr.c 0x00000000   Number         0  stm32f1xx_hal_pwr.o ABSOLUTE
    ../Drivers/STM32F1xx_HAL_Driver/Src/stm32f1xx_hal_rcc.c 0x00000000   Number         0  stm32f1xx_hal_rcc.o ABSOLUTE
    ../Drivers/STM32F1xx_HAL_Driver/Src/stm32f1xx_hal_rcc_ex.c 0x00000000   Number         0  stm32f1xx_hal_rcc_ex.o ABSOLUTE
    ../Drivers/STM32F1xx_HAL_Driver/Src/stm32f1xx_hal_tim.c 0x00000000   Number         0  stm32f1xx_hal_tim.o ABSOLUTE
    ../Drivers/STM32F1xx_HAL_Driver/Src/stm32f1xx_hal_tim_ex.c 0x00000000   Number         0  stm32f1xx_hal_tim_ex.o ABSOLUTE
    ../Drivers/STM32F1xx_HAL_Driver/Src/stm32f1xx_hal_uart.c 0x00000000   Number         0  stm32f1xx_hal_uart.o ABSOLUTE
    ../Src/gpio.c                            0x00000000   Number         0  gpio.o ABSOLUTE
    ../Src/i2c.c                             0x00000000   Number         0  i2c.o ABSOLUTE
    ../Src/main.c                            0x00000000   Number         0  main.o ABSOLUTE
    ../Src/stm32f1xx_hal_msp.c               0x00000000   Number         0  stm32f1xx_hal_msp.o ABSOLUTE
    ../Src/stm32f1xx_it.c                    0x00000000   Number         0  stm32f1xx_it.o ABSOLUTE
    ../Src/system_stm32f1xx.c                0x00000000   Number         0  system_stm32f1xx.o ABSOLUTE
    ../Src/usart.c                           0x00000000   Number         0  usart.o ABSOLUTE
    ../clib/microlib/ctype/ctype.c           0x00000000   Number         0  ctype_c.o ABSOLUTE
    ../clib/microlib/ctype/ctype.c           0x00000000   Number         0  isspace_c.o ABSOLUTE
    ../clib/microlib/division.c              0x00000000   Number         0  uldiv.o ABSOLUTE
    ../clib/microlib/division.c              0x00000000   Number         0  uidiv.o ABSOLUTE
    ../clib/microlib/errno.c                 0x00000000   Number         0  errno.o ABSOLUTE
    ../clib/microlib/init/entry.s            0x00000000   Number         0  entry8b.o ABSOLUTE
    ../clib/microlib/init/entry.s            0x00000000   Number         0  entry8a.o ABSOLUTE
    ../clib/microlib/init/entry.s            0x00000000   Number         0  entry7b.o ABSOLUTE
    ../clib/microlib/init/entry.s            0x00000000   Number         0  entry5.o ABSOLUTE
    ../clib/microlib/init/entry.s            0x00000000   Number         0  entry2.o ABSOLUTE
    ../clib/microlib/init/entry.s            0x00000000   Number         0  entry7a.o ABSOLUTE
    ../clib/microlib/init/entry.s            0x00000000   Number         0  entry11b.o ABSOLUTE
    ../clib/microlib/init/entry.s            0x00000000   Number         0  entry11a.o ABSOLUTE
    ../clib/microlib/init/entry.s            0x00000000   Number         0  entry10b.o ABSOLUTE
    ../clib/microlib/init/entry.s            0x00000000   Number         0  entry.o ABSOLUTE
    ../clib/microlib/init/entry.s            0x00000000   Number         0  entry10a.o ABSOLUTE
    ../clib/microlib/init/entry.s            0x00000000   Number         0  entry9b.o ABSOLUTE
    ../clib/microlib/init/entry.s            0x00000000   Number         0  entry9a.o ABSOLUTE
    ../clib/microlib/longlong.c              0x00000000   Number         0  llushr.o ABSOLUTE
    ../clib/microlib/longlong.c              0x00000000   Number         0  llsshr.o ABSOLUTE
    ../clib/microlib/longlong.c              0x00000000   Number         0  llshl.o ABSOLUTE
    ../clib/microlib/printf/printf.c         0x00000000   Number         0  printf2.o ABSOLUTE
    ../clib/microlib/printf/printf.c         0x00000000   Number         0  printf7.o ABSOLUTE
    ../clib/microlib/printf/printf.c         0x00000000   Number         0  printf5.o ABSOLUTE
    ../clib/microlib/printf/printf.c         0x00000000   Number         0  printf1.o ABSOLUTE
    ../clib/microlib/printf/printf.c         0x00000000   Number         0  printf4.o ABSOLUTE
    ../clib/microlib/printf/printf.c         0x00000000   Number         0  printfa.o ABSOLUTE
    ../clib/microlib/printf/printf.c         0x00000000   Number         0  printf6.o ABSOLUTE
    ../clib/microlib/printf/printf.c         0x00000000   Number         0  printf3.o ABSOLUTE
    ../clib/microlib/printf/printf.c         0x00000000   Number         0  printfb.o ABSOLUTE
    ../clib/microlib/printf/printf.c         0x00000000   Number         0  printf8.o ABSOLUTE
    ../clib/microlib/printf/printf.c         0x00000000   Number         0  printf0.o ABSOLUTE
    ../clib/microlib/printf/stubs.s          0x00000000   Number         0  stubs.o ABSOLUTE
    ../clib/microlib/stdio/streams.c         0x00000000   Number         0  stdout.o ABSOLUTE
    ../clib/microlib/string/memset.c         0x00000000   Number         0  memseta.o ABSOLUTE
    ../clib/microlib/string/strstr.c         0x00000000   Number         0  strstr.o ABSOLUTE
    ../clib/microlib/stubs.s                 0x00000000   Number         0  iusefp.o ABSOLUTE
    ../clib/scanf.c                          0x00000000   Number         0  scanf_fp.o ABSOLUTE
    ../clib/scanf.c                          0x00000000   Number         0  scanf_char.o ABSOLUTE
    ../clib/scanf.c                          0x00000000   Number         0  _chval.o ABSOLUTE
    ../clib/scanf.c                          0x00000000   Number         0  __0sscanf.o ABSOLUTE
    ../clib/scanf.c                          0x00000000   Number         0  _scanf.o ABSOLUTE
    ../clib/scanf.c                          0x00000000   Number         0  _scanf_int.o ABSOLUTE
    ../clib/scanf.c                          0x00000000   Number         0  _scanf_str.o ABSOLUTE
    ../clib/scanf.c                          0x00000000   Number         0  _sgetc.o ABSOLUTE
    ../fplib/microlib/d2f.c                  0x00000000   Number         0  d2f.o ABSOLUTE
    ../fplib/microlib/f2d.c                  0x00000000   Number         0  f2d.o ABSOLUTE
    ../fplib/microlib/fpadd.c                0x00000000   Number         0  dadd.o ABSOLUTE
    ../fplib/microlib/fpdiv.c                0x00000000   Number         0  fdiv.o ABSOLUTE
    ../fplib/microlib/fpdiv.c                0x00000000   Number         0  ddiv.o ABSOLUTE
    ../fplib/microlib/fpepilogue.c           0x00000000   Number         0  fepilogue.o ABSOLUTE
    ../fplib/microlib/fpepilogue.c           0x00000000   Number         0  depilogue.o ABSOLUTE
    ../fplib/microlib/fpfix.c                0x00000000   Number         0  ffixi.o ABSOLUTE
    ../fplib/microlib/fpfix.c                0x00000000   Number         0  dfixi.o ABSOLUTE
    ../fplib/microlib/fpfix.c                0x00000000   Number         0  dfixul.o ABSOLUTE
    ../fplib/microlib/fpflt.c                0x00000000   Number         0  dfltui.o ABSOLUTE
    ../fplib/microlib/fpflt.c                0x00000000   Number         0  dflti.o ABSOLUTE
    ../fplib/microlib/fpflt.c                0x00000000   Number         0  fflti.o ABSOLUTE
    ../fplib/microlib/fpflt.c                0x00000000   Number         0  dfltul.o ABSOLUTE
    ../fplib/microlib/fpmul.c                0x00000000   Number         0  dmul.o ABSOLUTE
    ../fplib/microlib/fprem.c                0x00000000   Number         0  drem.o ABSOLUTE
    ../fplib/microlib/fpscalb.c              0x00000000   Number         0  dscalb.o ABSOLUTE
    ../fplib/microlib/fpsqrt.c               0x00000000   Number         0  dsqrt.o ABSOLUTE
    ../mathlib/atan.c                        0x00000000   Number         0  atan.o ABSOLUTE
    ../mathlib/atan.c                        0x00000000   Number         0  atan_x.o ABSOLUTE
    ../mathlib/atan2.c                       0x00000000   Number         0  atan2.o ABSOLUTE
    ../mathlib/atan2.c                       0x00000000   Number         0  atan2_x.o ABSOLUTE
    ../mathlib/cos.c                         0x00000000   Number         0  cos.o ABSOLUTE
    ../mathlib/cos.c                         0x00000000   Number         0  cos_x.o ABSOLUTE
    ../mathlib/cos_i.c                       0x00000000   Number         0  cos_i.o ABSOLUTE
    ../mathlib/dunder.c                      0x00000000   Number         0  dunder.o ABSOLUTE
    ../mathlib/fmod.c                        0x00000000   Number         0  fmod.o ABSOLUTE
    ../mathlib/fmod.c                        0x00000000   Number         0  fmod_x.o ABSOLUTE
    ../mathlib/fpclassify.c                  0x00000000   Number         0  fpclassify.o ABSOLUTE
    ../mathlib/poly.c                        0x00000000   Number         0  poly.o ABSOLUTE
    ../mathlib/qnan.c                        0x00000000   Number         0  qnan.o ABSOLUTE
    ../mathlib/rred.c                        0x00000000   Number         0  rred.o ABSOLUTE
    ../mathlib/sin.c                         0x00000000   Number         0  sin_x.o ABSOLUTE
    ../mathlib/sin.c                         0x00000000   Number         0  sin.o ABSOLUTE
    ../mathlib/sin_i.c                       0x00000000   Number         0  sin_i_x.o ABSOLUTE
    ../mathlib/sin_i.c                       0x00000000   Number         0  sin_i.o ABSOLUTE
    ../mathlib/sqrt.c                        0x00000000   Number         0  sqrt.o ABSOLUTE
    ../mathlib/sqrt.c                        0x00000000   Number         0  sqrt_x.o ABSOLUTE
    ..\Drivers\STM32F1xx_HAL_Driver\Src\stm32f1xx_hal.c 0x00000000   Number         0  stm32f1xx_hal.o ABSOLUTE
    ..\Drivers\STM32F1xx_HAL_Driver\Src\stm32f1xx_hal_cortex.c 0x00000000   Number         0  stm32f1xx_hal_cortex.o ABSOLUTE
    ..\Drivers\STM32F1xx_HAL_Driver\Src\stm32f1xx_hal_dma.c 0x00000000   Number         0  stm32f1xx_hal_dma.o ABSOLUTE
    ..\Drivers\STM32F1xx_HAL_Driver\Src\stm32f1xx_hal_exti.c 0x00000000   Number         0  stm32f1xx_hal_exti.o ABSOLUTE
    ..\Drivers\STM32F1xx_HAL_Driver\Src\stm32f1xx_hal_flash.c 0x00000000   Number         0  stm32f1xx_hal_flash.o ABSOLUTE
    ..\Drivers\STM32F1xx_HAL_Driver\Src\stm32f1xx_hal_flash_ex.c 0x00000000   Number         0  stm32f1xx_hal_flash_ex.o ABSOLUTE
    ..\Drivers\STM32F1xx_HAL_Driver\Src\stm32f1xx_hal_gpio.c 0x00000000   Number         0  stm32f1xx_hal_gpio.o ABSOLUTE
    ..\Drivers\STM32F1xx_HAL_Driver\Src\stm32f1xx_hal_gpio_ex.c 0x00000000   Number         0  stm32f1xx_hal_gpio_ex.o ABSOLUTE
    ..\Drivers\STM32F1xx_HAL_Driver\Src\stm32f1xx_hal_i2c.c 0x00000000   Number         0  stm32f1xx_hal_i2c.o ABSOLUTE
    ..\Drivers\STM32F1xx_HAL_Driver\Src\stm32f1xx_hal_pwr.c 0x00000000   Number         0  stm32f1xx_hal_pwr.o ABSOLUTE
    ..\Drivers\STM32F1xx_HAL_Driver\Src\stm32f1xx_hal_rcc.c 0x00000000   Number         0  stm32f1xx_hal_rcc.o ABSOLUTE
    ..\Drivers\STM32F1xx_HAL_Driver\Src\stm32f1xx_hal_rcc_ex.c 0x00000000   Number         0  stm32f1xx_hal_rcc_ex.o ABSOLUTE
    ..\Drivers\STM32F1xx_HAL_Driver\Src\stm32f1xx_hal_tim.c 0x00000000   Number         0  stm32f1xx_hal_tim.o ABSOLUTE
    ..\Drivers\STM32F1xx_HAL_Driver\Src\stm32f1xx_hal_tim_ex.c 0x00000000   Number         0  stm32f1xx_hal_tim_ex.o ABSOLUTE
    ..\Drivers\STM32F1xx_HAL_Driver\Src\stm32f1xx_hal_uart.c 0x00000000   Number         0  stm32f1xx_hal_uart.o ABSOLUTE
    ..\Src\gpio.c                            0x00000000   Number         0  gpio.o ABSOLUTE
    ..\Src\i2c.c                             0x00000000   Number         0  i2c.o ABSOLUTE
    ..\Src\main.c                            0x00000000   Number         0  main.o ABSOLUTE
    ..\Src\stm32f1xx_hal_msp.c               0x00000000   Number         0  stm32f1xx_hal_msp.o ABSOLUTE
    ..\Src\stm32f1xx_it.c                    0x00000000   Number         0  stm32f1xx_it.o ABSOLUTE
    ..\Src\system_stm32f1xx.c                0x00000000   Number         0  system_stm32f1xx.o ABSOLUTE
    ..\Src\usart.c                           0x00000000   Number         0  usart.o ABSOLUTE
    GPS.c                                    0x00000000   Number         0  gps.o ABSOLUTE
    GPS.c                                    0x00000000   Number         0  gps.o ABSOLUTE
    cdcmple.s                                0x00000000   Number         0  cdcmple.o ABSOLUTE
    cdrcmple.s                               0x00000000   Number         0  cdrcmple.o ABSOLUTE
    dc.s                                     0x00000000   Number         0  dc.o ABSOLUTE
    handlers.s                               0x00000000   Number         0  handlers.o ABSOLUTE
    init.s                                   0x00000000   Number         0  init.o ABSOLUTE
    startup_stm32f103xb.s                    0x00000000   Number         0  startup_stm32f103xb.o ABSOLUTE
    transform.c                              0x00000000   Number         0  transform.o ABSOLUTE
    RESET                                    0x08000000   Section      236  startup_stm32f103xb.o(RESET)
    .ARM.Collect$$$$00000000                 0x080000ec   Section        0  entry.o(.ARM.Collect$$$$00000000)
    .ARM.Collect$$$$00000001                 0x080000ec   Section        4  entry2.o(.ARM.Collect$$$$00000001)
    .ARM.Collect$$$$00000004                 0x080000f0   Section        4  entry5.o(.ARM.Collect$$$$00000004)
    .ARM.Collect$$$$00000008                 0x080000f4   Section        0  entry7b.o(.ARM.Collect$$$$00000008)
    .ARM.Collect$$$$0000000A                 0x080000f4   Section        0  entry8b.o(.ARM.Collect$$$$0000000A)
    .ARM.Collect$$$$0000000B                 0x080000f4   Section        8  entry9a.o(.ARM.Collect$$$$0000000B)
    .ARM.Collect$$$$0000000D                 0x080000fc   Section        0  entry10a.o(.ARM.Collect$$$$0000000D)
    .ARM.Collect$$$$0000000F                 0x080000fc   Section        0  entry11a.o(.ARM.Collect$$$$0000000F)
    .ARM.Collect$$$$00002712                 0x080000fc   Section        4  entry2.o(.ARM.Collect$$$$00002712)
    __lit__00000000                          0x080000fc   Data           4  entry2.o(.ARM.Collect$$$$00002712)
    .text                                    0x08000100   Section       36  startup_stm32f103xb.o(.text)
    .text                                    0x08000124   Section        0  llushr.o(.text)
    .text                                    0x08000144   Section        0  memseta.o(.text)
    .text                                    0x08000168   Section        0  strstr.o(.text)
    .text                                    0x0800018c   Section        0  __0sscanf.o(.text)
    .text                                    0x080001c4   Section        0  _scanf_int.o(.text)
    .text                                    0x08000310   Section        0  _scanf_str.o(.text)
    .text                                    0x080003f0   Section        0  scanf_fp.o(.text)
    _fp_value                                0x080003f1   Thumb Code   296  scanf_fp.o(.text)
    .text                                    0x08000750   Section        0  fdiv.o(.text)
    .text                                    0x080007cc   Section        0  dadd.o(.text)
    .text                                    0x0800091a   Section        0  dmul.o(.text)
    .text                                    0x080009fe   Section        0  ddiv.o(.text)
    .text                                    0x08000adc   Section        0  dscalb.o(.text)
    .text                                    0x08000b0a   Section        0  fflti.o(.text)
    .text                                    0x08000b1c   Section        0  dflti.o(.text)
    .text                                    0x08000b3e   Section        0  ffixi.o(.text)
    .text                                    0x08000b70   Section        0  dfixi.o(.text)
    .text                                    0x08000bae   Section        0  f2d.o(.text)
    .text                                    0x08000bd4   Section        0  uidiv.o(.text)
    .text                                    0x08000c00   Section        0  uldiv.o(.text)
    .text                                    0x08000c62   Section        0  llshl.o(.text)
    .text                                    0x08000c80   Section        0  llsshr.o(.text)
    .text                                    0x08000ca4   Section        0  _chval.o(.text)
    .text                                    0x08000cc0   Section        0  scanf_char.o(.text)
    _scanf_char_input                        0x08000cc1   Thumb Code    12  scanf_char.o(.text)
    .text                                    0x08000ce8   Section        0  _sgetc.o(.text)
    .text                                    0x08000d28   Section        0  fepilogue.o(.text)
    .text                                    0x08000d28   Section        0  iusefp.o(.text)
    .text                                    0x08000d96   Section        0  depilogue.o(.text)
    .text                                    0x08000e50   Section        0  dsqrt.o(.text)
    .text                                    0x08000ef2   Section        0  drem.o(.text)
    .text                                    0x08000f78   Section        0  dfltul.o(.text)
    .text                                    0x08000f90   Section        0  dfixul.o(.text)
    .text                                    0x08000fc0   Section       48  cdrcmple.o(.text)
    .text                                    0x08000ff0   Section        0  d2f.o(.text)
    .text                                    0x08001028   Section       36  init.o(.text)
    .text                                    0x0800104c   Section        0  isspace_c.o(.text)
    .text                                    0x08001058   Section        0  _scanf.o(.text)
    .text                                    0x08001384   Section        0  dfltui.o(.text)
    .text                                    0x080013a0   Section        0  ctype_c.o(.text)
    i.BusFault_Handler                       0x080013c8   Section        0  stm32f1xx_it.o(i.BusFault_Handler)
    i.DebugMon_Handler                       0x080013ca   Section        0  stm32f1xx_it.o(i.DebugMon_Handler)
    i.Error_Handler                          0x080013cc   Section        0  main.o(i.Error_Handler)
    i.GPS_CallBack                           0x080013d0   Section        0  gps.o(i.GPS_CallBack)
    i.GPS_Init                               0x08001410   Section        0  gps.o(i.GPS_Init)
    i.GPS_Process                            0x0800142c   Section        0  gps.o(i.GPS_Process)
    i.HAL_DMA_Abort_IT                       0x08001620   Section        0  stm32f1xx_hal_dma.o(i.HAL_DMA_Abort_IT)
    i.HAL_GPIO_Init                          0x080016b8   Section        0  stm32f1xx_hal_gpio.o(i.HAL_GPIO_Init)
    i.HAL_GetTick                            0x08001898   Section        0  stm32f1xx_hal.o(i.HAL_GetTick)
    i.HAL_I2C_Init                           0x080018a4   Section        0  stm32f1xx_hal_i2c.o(i.HAL_I2C_Init)
    i.HAL_I2C_MspInit                        0x08001a18   Section        0  i2c.o(i.HAL_I2C_MspInit)
    i.HAL_IncTick                            0x08001a88   Section        0  stm32f1xx_hal.o(i.HAL_IncTick)
    i.HAL_Init                               0x08001a98   Section        0  stm32f1xx_hal.o(i.HAL_Init)
    i.HAL_InitTick                           0x08001abc   Section        0  stm32f1xx_hal.o(i.HAL_InitTick)
    i.HAL_MspInit                            0x08001afc   Section        0  stm32f1xx_hal_msp.o(i.HAL_MspInit)
    i.HAL_NVIC_EnableIRQ                     0x08001b38   Section        0  stm32f1xx_hal_cortex.o(i.HAL_NVIC_EnableIRQ)
    i.HAL_NVIC_SetPriority                   0x08001b54   Section        0  stm32f1xx_hal_cortex.o(i.HAL_NVIC_SetPriority)
    i.HAL_NVIC_SetPriorityGrouping           0x08001b94   Section        0  stm32f1xx_hal_cortex.o(i.HAL_NVIC_SetPriorityGrouping)
    i.HAL_RCC_ClockConfig                    0x08001bb8   Section        0  stm32f1xx_hal_rcc.o(i.HAL_RCC_ClockConfig)
    i.HAL_RCC_GetPCLK1Freq                   0x08001ce4   Section        0  stm32f1xx_hal_rcc.o(i.HAL_RCC_GetPCLK1Freq)
    i.HAL_RCC_GetPCLK2Freq                   0x08001d04   Section        0  stm32f1xx_hal_rcc.o(i.HAL_RCC_GetPCLK2Freq)
    i.HAL_RCC_GetSysClockFreq                0x08001d24   Section        0  stm32f1xx_hal_rcc.o(i.HAL_RCC_GetSysClockFreq)
    i.HAL_RCC_OscConfig                      0x08001d90   Section        0  stm32f1xx_hal_rcc.o(i.HAL_RCC_OscConfig)
    i.HAL_SYSTICK_Config                     0x080020b0   Section        0  stm32f1xx_hal_cortex.o(i.HAL_SYSTICK_Config)
    i.HAL_UART_ErrorCallback                 0x080020d8   Section        0  stm32f1xx_hal_uart.o(i.HAL_UART_ErrorCallback)
    i.HAL_UART_IRQHandler                    0x080020dc   Section        0  stm32f1xx_hal_uart.o(i.HAL_UART_IRQHandler)
    i.HAL_UART_Init                          0x080021ec   Section        0  stm32f1xx_hal_uart.o(i.HAL_UART_Init)
    i.HAL_UART_MspInit                       0x08002250   Section        0  usart.o(i.HAL_UART_MspInit)
    i.HAL_UART_Receive_IT                    0x08002328   Section        0  stm32f1xx_hal_uart.o(i.HAL_UART_Receive_IT)
    i.HAL_UART_RxCpltCallback                0x0800237a   Section        0  main.o(i.HAL_UART_RxCpltCallback)
    i.HAL_UART_Transmit                      0x0800237e   Section        0  stm32f1xx_hal_uart.o(i.HAL_UART_Transmit)
    i.HAL_UART_TxCpltCallback                0x08002438   Section        0  stm32f1xx_hal_uart.o(i.HAL_UART_TxCpltCallback)
    i.HardFault_Handler                      0x0800243a   Section        0  stm32f1xx_it.o(i.HardFault_Handler)
    i.MX_GPIO_Init                           0x0800243c   Section        0  gpio.o(i.MX_GPIO_Init)
    i.MX_I2C1_Init                           0x08002478   Section        0  i2c.o(i.MX_I2C1_Init)
    i.MX_USART1_UART_Init                    0x080024b8   Section        0  usart.o(i.MX_USART1_UART_Init)
    i.MX_USART2_UART_Init                    0x080024f0   Section        0  usart.o(i.MX_USART2_UART_Init)
    i.MemManage_Handler                      0x08002528   Section        0  stm32f1xx_it.o(i.MemManage_Handler)
    i.NMI_Handler                            0x0800252a   Section        0  stm32f1xx_it.o(i.NMI_Handler)
    i.PendSV_Handler                         0x0800252c   Section        0  stm32f1xx_it.o(i.PendSV_Handler)
    i.SVC_Handler                            0x0800252e   Section        0  stm32f1xx_it.o(i.SVC_Handler)
    i.SysTick_Handler                        0x08002530   Section        0  stm32f1xx_it.o(i.SysTick_Handler)
    i.SystemClock_Config                     0x08002534   Section        0  main.o(i.SystemClock_Config)
    i.SystemInit                             0x08002584   Section        0  system_stm32f1xx.o(i.SystemInit)
    i.UART_DMAAbortOnError                   0x080025cc   Section        0  stm32f1xx_hal_uart.o(i.UART_DMAAbortOnError)
    UART_DMAAbortOnError                     0x080025cd   Thumb Code    16  stm32f1xx_hal_uart.o(i.UART_DMAAbortOnError)
    i.UART_EndRxTransfer                     0x080025dc   Section        0  stm32f1xx_hal_uart.o(i.UART_EndRxTransfer)
    UART_EndRxTransfer                       0x080025dd   Thumb Code    28  stm32f1xx_hal_uart.o(i.UART_EndRxTransfer)
    i.UART_Receive_IT                        0x080025f8   Section        0  stm32f1xx_hal_uart.o(i.UART_Receive_IT)
    UART_Receive_IT                          0x080025f9   Thumb Code   150  stm32f1xx_hal_uart.o(i.UART_Receive_IT)
    i.UART_SetConfig                         0x08002690   Section        0  stm32f1xx_hal_uart.o(i.UART_SetConfig)
    UART_SetConfig                           0x08002691   Thumb Code   178  stm32f1xx_hal_uart.o(i.UART_SetConfig)
    i.UART_Transmit_IT                       0x08002748   Section        0  stm32f1xx_hal_uart.o(i.UART_Transmit_IT)
    UART_Transmit_IT                         0x08002749   Thumb Code    98  stm32f1xx_hal_uart.o(i.UART_Transmit_IT)
    i.UART_WaitOnFlagUntilTimeout            0x080027aa   Section        0  stm32f1xx_hal_uart.o(i.UART_WaitOnFlagUntilTimeout)
    UART_WaitOnFlagUntilTimeout              0x080027ab   Thumb Code   100  stm32f1xx_hal_uart.o(i.UART_WaitOnFlagUntilTimeout)
    i.USART1_IRQHandler                      0x08002810   Section        0  stm32f1xx_it.o(i.USART1_IRQHandler)
    i.USART2_IRQHandler                      0x0800281c   Section        0  stm32f1xx_it.o(i.USART2_IRQHandler)
    i.UsageFault_Handler                     0x08002828   Section        0  stm32f1xx_it.o(i.UsageFault_Handler)
    i.__0printf                              0x0800282c   Section        0  printfa.o(i.__0printf)
    i.__ARM_fpclassify                       0x0800284c   Section        0  fpclassify.o(i.__ARM_fpclassify)
    i.__NVIC_SetPriority                     0x08002874   Section        0  stm32f1xx_hal_cortex.o(i.__NVIC_SetPriority)
    __NVIC_SetPriority                       0x08002875   Thumb Code    32  stm32f1xx_hal_cortex.o(i.__NVIC_SetPriority)
    i.__ieee754_rem_pio2                     0x08002894   Section        0  rred.o(i.__ieee754_rem_pio2)
    i.__kernel_cos                           0x08002c1c   Section        0  cos_i.o(i.__kernel_cos)
    i.__kernel_poly                          0x08002d18   Section        0  poly.o(i.__kernel_poly)
    i.__kernel_sin                           0x08002dc4   Section        0  sin_i.o(i.__kernel_sin)
    i.__mathlib_dbl_infnan                   0x08002eb0   Section        0  dunder.o(i.__mathlib_dbl_infnan)
    i.__mathlib_dbl_infnan2                  0x08002eb6   Section        0  dunder.o(i.__mathlib_dbl_infnan2)
    i.__mathlib_dbl_invalid                  0x08002eba   Section        0  dunder.o(i.__mathlib_dbl_invalid)
    i.__mathlib_dbl_underflow                0x08002ec8   Section        0  dunder.o(i.__mathlib_dbl_underflow)
    i.__scatterload_copy                     0x08002ed8   Section       14  handlers.o(i.__scatterload_copy)
    i.__scatterload_null                     0x08002ee6   Section        2  handlers.o(i.__scatterload_null)
    i.__scatterload_zeroinit                 0x08002ee8   Section       14  handlers.o(i.__scatterload_zeroinit)
    i.__set_errno                            0x08002ef8   Section        0  errno.o(i.__set_errno)
    i._fp_digits                             0x08002f04   Section        0  printfa.o(i._fp_digits)
    _fp_digits                               0x08002f05   Thumb Code   366  printfa.o(i._fp_digits)
    i._is_digit                              0x08003088   Section        0  scanf_fp.o(i._is_digit)
    i._printf_core                           0x08003098   Section        0  printfa.o(i._printf_core)
    _printf_core                             0x08003099   Thumb Code  1744  printfa.o(i._printf_core)
    i._printf_post_padding                   0x08003774   Section        0  printfa.o(i._printf_post_padding)
    _printf_post_padding                     0x08003775   Thumb Code    36  printfa.o(i._printf_post_padding)
    i._printf_pre_padding                    0x08003798   Section        0  printfa.o(i._printf_pre_padding)
    _printf_pre_padding                      0x08003799   Thumb Code    46  printfa.o(i._printf_pre_padding)
    i.atan                                   0x080037c8   Section        0  atan.o(i.atan)
    i.atan2                                  0x080039e8   Section        0  atan2.o(i.atan2)
    i.convertDegMinToDecDeg                  0x08003b68   Section        0  gps.o(i.convertDegMinToDecDeg)
    i.cos                                    0x08003bbc   Section        0  cos.o(i.cos)
    i.fmod                                   0x08003c58   Section        0  fmod.o(i.fmod)
    i.fputc                                  0x08003cec   Section        0  usart.o(i.fputc)
    i.gcj02_to_bd09                          0x08003d04   Section        0  transform.o(i.gcj02_to_bd09)
    i.main                                   0x08003e04   Section        0  main.o(i.main)
    i.sin                                    0x08003e28   Section        0  sin.o(i.sin)
    i.sqrt                                   0x08003ec8   Section        0  sqrt.o(i.sqrt)
    i.transformLat                           0x08003f14   Section        0  transform.o(i.transformLat)
    transformLat                             0x08003f15   Thumb Code   458  transform.o(i.transformLat)
    i.transformLon                           0x08004118   Section        0  transform.o(i.transformLon)
    transformLon                             0x08004119   Thumb Code   460  transform.o(i.transformLon)
    i.wgs84_to_gcj02                         0x08004314   Section        0  transform.o(i.wgs84_to_gcj02)
    .constdata                               0x0800447c   Section       16  system_stm32f1xx.o(.constdata)
    .constdata                               0x0800448c   Section        8  system_stm32f1xx.o(.constdata)
    .constdata                               0x08004498   Section      152  atan.o(.constdata)
    atanhi                                   0x08004498   Data          32  atan.o(.constdata)
    atanlo                                   0x080044b8   Data          32  atan.o(.constdata)
    aTodd                                    0x080044d8   Data          40  atan.o(.constdata)
    aTeven                                   0x08004500   Data          48  atan.o(.constdata)
    .constdata                               0x08004530   Section       48  cos_i.o(.constdata)
    C                                        0x08004530   Data          48  cos_i.o(.constdata)
    .constdata                               0x08004560   Section        8  qnan.o(.constdata)
    .constdata                               0x08004568   Section      200  rred.o(.constdata)
    pio2s                                    0x08004568   Data          48  rred.o(.constdata)
    twooverpi                                0x08004598   Data         152  rred.o(.constdata)
    .constdata                               0x08004630   Section       40  sin_i.o(.constdata)
    S                                        0x08004630   Data          40  sin_i.o(.constdata)
    .constdata                               0x08004658   Section       64  ctype_c.o(.constdata)
    .conststring                             0x08004698   Section      189  gps.o(.conststring)
    .data                                    0x20000000   Section       12  stm32f1xx_hal.o(.data)
    .data                                    0x2000000c   Section        4  system_stm32f1xx.o(.data)
    .data                                    0x20000010   Section        4  stdout.o(.data)
    .data                                    0x20000014   Section        4  errno.o(.data)
    _errno                                   0x20000014   Data           4  errno.o(.data)
    .bss                                     0x20000018   Section      592  gps.o(.bss)
    .bss                                     0x20000268   Section       84  i2c.o(.bss)
    .bss                                     0x200002bc   Section      128  usart.o(.bss)
    STACK                                    0x20000340   Section     1024  startup_stm32f103xb.o(STACK)

    Global Symbols

    Symbol Name                              Value     Ov Type        Size  Object(Section)

    BuildAttributes$$THM_ISAv4$P$D$K$B$S$PE$A:L22UL41UL21$X:L11$S22US41US21$IEEE1$IW$USESV6$~STKCKD$USESV7$~SHL$OTIME$ROPI$IEEEX$EBA8$MICROLIB$REQ8$PRES8$EABIv2 0x00000000   Number         0  anon$$obj.o ABSOLUTE
    __ARM_use_no_argv                        0x00000000   Number         0  main.o ABSOLUTE
    _printf_a                                0x00000000   Number         0  stubs.o ABSOLUTE
    _printf_c                                0x00000000   Number         0  stubs.o ABSOLUTE
    _printf_charcount                        0x00000000   Number         0  stubs.o ABSOLUTE
    _printf_d                                0x00000000   Number         0  stubs.o ABSOLUTE
    _printf_e                                0x00000000   Number         0  stubs.o ABSOLUTE
    _printf_f                                0x00000000   Number         0  stubs.o ABSOLUTE
    _printf_flags                            0x00000000   Number         0  stubs.o ABSOLUTE
    _printf_fp_dec                           0x00000000   Number         0  stubs.o ABSOLUTE
    _printf_fp_hex                           0x00000000   Number         0  stubs.o ABSOLUTE
    _printf_g                                0x00000000   Number         0  stubs.o ABSOLUTE
    _printf_i                                0x00000000   Number         0  stubs.o ABSOLUTE
    _printf_int_dec                          0x00000000   Number         0  stubs.o ABSOLUTE
    _printf_l                                0x00000000   Number         0  stubs.o ABSOLUTE
    _printf_lc                               0x00000000   Number         0  stubs.o ABSOLUTE
    _printf_ll                               0x00000000   Number         0  stubs.o ABSOLUTE
    _printf_lld                              0x00000000   Number         0  stubs.o ABSOLUTE
    _printf_lli                              0x00000000   Number         0  stubs.o ABSOLUTE
    _printf_llo                              0x00000000   Number         0  stubs.o ABSOLUTE
    _printf_llu                              0x00000000   Number         0  stubs.o ABSOLUTE
    _printf_llx                              0x00000000   Number         0  stubs.o ABSOLUTE
    _printf_longlong_dec                     0x00000000   Number         0  stubs.o ABSOLUTE
    _printf_longlong_hex                     0x00000000   Number         0  stubs.o ABSOLUTE
    _printf_longlong_oct                     0x00000000   Number         0  stubs.o ABSOLUTE
    _printf_ls                               0x00000000   Number         0  stubs.o ABSOLUTE
    _printf_mbtowc                           0x00000000   Number         0  stubs.o ABSOLUTE
    _printf_n                                0x00000000   Number         0  stubs.o ABSOLUTE
    _printf_o                                0x00000000   Number         0  stubs.o ABSOLUTE
    _printf_p                                0x00000000   Number         0  stubs.o ABSOLUTE
    _printf_percent                          0x00000000   Number         0  stubs.o ABSOLUTE
    _printf_pre_padding                      0x00000000   Number         0  stubs.o ABSOLUTE
    _printf_return_value                     0x00000000   Number         0  stubs.o ABSOLUTE
    _printf_s                                0x00000000   Number         0  stubs.o ABSOLUTE
    _printf_sizespec                         0x00000000   Number         0  stubs.o ABSOLUTE
    _printf_str                              0x00000000   Number         0  stubs.o ABSOLUTE
    _printf_truncate_signed                  0x00000000   Number         0  stubs.o ABSOLUTE
    _printf_truncate_unsigned                0x00000000   Number         0  stubs.o ABSOLUTE
    _printf_u                                0x00000000   Number         0  stubs.o ABSOLUTE
    _printf_wc                               0x00000000   Number         0  stubs.o ABSOLUTE
    _printf_wctomb                           0x00000000   Number         0  stubs.o ABSOLUTE
    _printf_widthprec                        0x00000000   Number         0  stubs.o ABSOLUTE
    _printf_x                                0x00000000   Number         0  stubs.o ABSOLUTE
    __cpp_initialize__aeabi_                  - Undefined Weak Reference
    __cxa_finalize                            - Undefined Weak Reference
    __decompress                              - Undefined Weak Reference
    _clock_init                               - Undefined Weak Reference
    _microlib_exit                            - Undefined Weak Reference
    _scanf_longlong                           - Undefined Weak Reference
    __Vectors_Size                           0x000000ec   Number         0  startup_stm32f103xb.o ABSOLUTE
    __Vectors                                0x08000000   Data           4  startup_stm32f103xb.o(RESET)
    __Vectors_End                            0x080000ec   Data           0  startup_stm32f103xb.o(RESET)
    __main                                   0x080000ed   Thumb Code     0  entry.o(.ARM.Collect$$$$00000000)
    _main_stk                                0x080000ed   Thumb Code     0  entry2.o(.ARM.Collect$$$$00000001)
    _main_scatterload                        0x080000f1   Thumb Code     0  entry5.o(.ARM.Collect$$$$00000004)
    __main_after_scatterload                 0x080000f5   Thumb Code     0  entry5.o(.ARM.Collect$$$$00000004)
    _main_clock                              0x080000f5   Thumb Code     0  entry7b.o(.ARM.Collect$$$$00000008)
    _main_cpp_init                           0x080000f5   Thumb Code     0  entry8b.o(.ARM.Collect$$$$0000000A)
    _main_init                               0x080000f5   Thumb Code     0  entry9a.o(.ARM.Collect$$$$0000000B)
    __rt_final_cpp                           0x080000fd   Thumb Code     0  entry10a.o(.ARM.Collect$$$$0000000D)
    __rt_final_exit                          0x080000fd   Thumb Code     0  entry11a.o(.ARM.Collect$$$$0000000F)
    Reset_Handler                            0x08000101   Thumb Code     8  startup_stm32f103xb.o(.text)
    ADC1_2_IRQHandler                        0x0800011b   Thumb Code     0  startup_stm32f103xb.o(.text)
    CAN1_RX1_IRQHandler                      0x0800011b   Thumb Code     0  startup_stm32f103xb.o(.text)
    CAN1_SCE_IRQHandler                      0x0800011b   Thumb Code     0  startup_stm32f103xb.o(.text)
    DMA1_Channel1_IRQHandler                 0x0800011b   Thumb Code     0  startup_stm32f103xb.o(.text)
    DMA1_Channel2_IRQHandler                 0x0800011b   Thumb Code     0  startup_stm32f103xb.o(.text)
    DMA1_Channel3_IRQHandler                 0x0800011b   Thumb Code     0  startup_stm32f103xb.o(.text)
    DMA1_Channel4_IRQHandler                 0x0800011b   Thumb Code     0  startup_stm32f103xb.o(.text)
    DMA1_Channel5_IRQHandler                 0x0800011b   Thumb Code     0  startup_stm32f103xb.o(.text)
    DMA1_Channel6_IRQHandler                 0x0800011b   Thumb Code     0  startup_stm32f103xb.o(.text)
    DMA1_Channel7_IRQHandler                 0x0800011b   Thumb Code     0  startup_stm32f103xb.o(.text)
    EXTI0_IRQHandler                         0x0800011b   Thumb Code     0  startup_stm32f103xb.o(.text)
    EXTI15_10_IRQHandler                     0x0800011b   Thumb Code     0  startup_stm32f103xb.o(.text)
    EXTI1_IRQHandler                         0x0800011b   Thumb Code     0  startup_stm32f103xb.o(.text)
    EXTI2_IRQHandler                         0x0800011b   Thumb Code     0  startup_stm32f103xb.o(.text)
    EXTI3_IRQHandler                         0x0800011b   Thumb Code     0  startup_stm32f103xb.o(.text)
    EXTI4_IRQHandler                         0x0800011b   Thumb Code     0  startup_stm32f103xb.o(.text)
    EXTI9_5_IRQHandler                       0x0800011b   Thumb Code     0  startup_stm32f103xb.o(.text)
    FLASH_IRQHandler                         0x0800011b   Thumb Code     0  startup_stm32f103xb.o(.text)
    I2C1_ER_IRQHandler                       0x0800011b   Thumb Code     0  startup_stm32f103xb.o(.text)
    I2C1_EV_IRQHandler                       0x0800011b   Thumb Code     0  startup_stm32f103xb.o(.text)
    I2C2_ER_IRQHandler                       0x0800011b   Thumb Code     0  startup_stm32f103xb.o(.text)
    I2C2_EV_IRQHandler                       0x0800011b   Thumb Code     0  startup_stm32f103xb.o(.text)
    PVD_IRQHandler                           0x0800011b   Thumb Code     0  startup_stm32f103xb.o(.text)
    RCC_IRQHandler                           0x0800011b   Thumb Code     0  startup_stm32f103xb.o(.text)
    RTC_Alarm_IRQHandler                     0x0800011b   Thumb Code     0  startup_stm32f103xb.o(.text)
    RTC_IRQHandler                           0x0800011b   Thumb Code     0  startup_stm32f103xb.o(.text)
    SPI1_IRQHandler                          0x0800011b   Thumb Code     0  startup_stm32f103xb.o(.text)
    SPI2_IRQHandler                          0x0800011b   Thumb Code     0  startup_stm32f103xb.o(.text)
    TAMPER_IRQHandler                        0x0800011b   Thumb Code     0  startup_stm32f103xb.o(.text)
    TIM1_BRK_IRQHandler                      0x0800011b   Thumb Code     0  startup_stm32f103xb.o(.text)
    TIM1_CC_IRQHandler                       0x0800011b   Thumb Code     0  startup_stm32f103xb.o(.text)
    TIM1_TRG_COM_IRQHandler                  0x0800011b   Thumb Code     0  startup_stm32f103xb.o(.text)
    TIM1_UP_IRQHandler                       0x0800011b   Thumb Code     0  startup_stm32f103xb.o(.text)
    TIM2_IRQHandler                          0x0800011b   Thumb Code     0  startup_stm32f103xb.o(.text)
    TIM3_IRQHandler                          0x0800011b   Thumb Code     0  startup_stm32f103xb.o(.text)
    TIM4_IRQHandler                          0x0800011b   Thumb Code     0  startup_stm32f103xb.o(.text)
    USART3_IRQHandler                        0x0800011b   Thumb Code     0  startup_stm32f103xb.o(.text)
    USBWakeUp_IRQHandler                     0x0800011b   Thumb Code     0  startup_stm32f103xb.o(.text)
    USB_HP_CAN1_TX_IRQHandler                0x0800011b   Thumb Code     0  startup_stm32f103xb.o(.text)
    USB_LP_CAN1_RX0_IRQHandler               0x0800011b   Thumb Code     0  startup_stm32f103xb.o(.text)
    WWDG_IRQHandler                          0x0800011b   Thumb Code     0  startup_stm32f103xb.o(.text)
    __aeabi_llsr                             0x08000125   Thumb Code    32  llushr.o(.text)
    _ll_ushift_r                             0x08000125   Thumb Code     0  llushr.o(.text)
    __aeabi_memset                           0x08000145   Thumb Code    14  memseta.o(.text)
    __aeabi_memset4                          0x08000145   Thumb Code     0  memseta.o(.text)
    __aeabi_memset8                          0x08000145   Thumb Code     0  memseta.o(.text)
    __aeabi_memclr                           0x08000153   Thumb Code     4  memseta.o(.text)
    __aeabi_memclr4                          0x08000153   Thumb Code     0  memseta.o(.text)
    __aeabi_memclr8                          0x08000153   Thumb Code     0  memseta.o(.text)
    _memset$wrapper                          0x08000157   Thumb Code    18  memseta.o(.text)
    strstr                                   0x08000169   Thumb Code    36  strstr.o(.text)
    __0sscanf                                0x0800018d   Thumb Code    48  __0sscanf.o(.text)
    _scanf_int                               0x080001c5   Thumb Code   332  _scanf_int.o(.text)
    _scanf_string                            0x08000311   Thumb Code   224  _scanf_str.o(.text)
    _scanf_real                              0x08000519   Thumb Code     0  scanf_fp.o(.text)
    _scanf_really_real                       0x08000519   Thumb Code   556  scanf_fp.o(.text)
    __aeabi_fdiv                             0x08000751   Thumb Code   124  fdiv.o(.text)
    __aeabi_dadd                             0x080007cd   Thumb Code   322  dadd.o(.text)
    __aeabi_dsub                             0x0800090f   Thumb Code     6  dadd.o(.text)
    __aeabi_drsub                            0x08000915   Thumb Code     6  dadd.o(.text)
    __aeabi_dmul                             0x0800091b   Thumb Code   228  dmul.o(.text)
    __aeabi_ddiv                             0x080009ff   Thumb Code   222  ddiv.o(.text)
    __ARM_scalbn                             0x08000add   Thumb Code    46  dscalb.o(.text)
    scalbn                                   0x08000add   Thumb Code     0  dscalb.o(.text)
    __aeabi_i2f                              0x08000b0b   Thumb Code    18  fflti.o(.text)
    __aeabi_i2d                              0x08000b1d   Thumb Code    34  dflti.o(.text)
    __aeabi_f2iz                             0x08000b3f   Thumb Code    50  ffixi.o(.text)
    __aeabi_d2iz                             0x08000b71   Thumb Code    62  dfixi.o(.text)
    __aeabi_f2d                              0x08000baf   Thumb Code    38  f2d.o(.text)
    __aeabi_uidiv                            0x08000bd5   Thumb Code     0  uidiv.o(.text)
    __aeabi_uidivmod                         0x08000bd5   Thumb Code    44  uidiv.o(.text)
    __aeabi_uldivmod                         0x08000c01   Thumb Code    98  uldiv.o(.text)
    __aeabi_llsl                             0x08000c63   Thumb Code    30  llshl.o(.text)
    _ll_shift_l                              0x08000c63   Thumb Code     0  llshl.o(.text)
    __aeabi_lasr                             0x08000c81   Thumb Code    36  llsshr.o(.text)
    _ll_sshift_r                             0x08000c81   Thumb Code     0  llsshr.o(.text)
    _chval                                   0x08000ca5   Thumb Code    28  _chval.o(.text)
    __vfscanf_char                           0x08000ccd   Thumb Code    20  scanf_char.o(.text)
    _sgetc                                   0x08000ce9   Thumb Code    30  _sgetc.o(.text)
    _sbackspace                              0x08000d07   Thumb Code    34  _sgetc.o(.text)
    __I$use$fp                               0x08000d29   Thumb Code     0  iusefp.o(.text)
    _float_round                             0x08000d29   Thumb Code    18  fepilogue.o(.text)
    _float_epilogue                          0x08000d3b   Thumb Code    92  fepilogue.o(.text)
    _double_round                            0x08000d97   Thumb Code    30  depilogue.o(.text)
    _double_epilogue                         0x08000db5   Thumb Code   156  depilogue.o(.text)
    _dsqrt                                   0x08000e51   Thumb Code   162  dsqrt.o(.text)
    _drem                                    0x08000ef3   Thumb Code   134  drem.o(.text)
    __aeabi_ul2d                             0x08000f79   Thumb Code    24  dfltul.o(.text)
    __aeabi_d2ulz                            0x08000f91   Thumb Code    48  dfixul.o(.text)
    __aeabi_cdrcmple                         0x08000fc1   Thumb Code    48  cdrcmple.o(.text)
    __aeabi_d2f                              0x08000ff1   Thumb Code    56  d2f.o(.text)
    __scatterload                            0x08001029   Thumb Code    28  init.o(.text)
    __scatterload_rt2                        0x08001029   Thumb Code     0  init.o(.text)
    isspace                                  0x0800104d   Thumb Code    10  isspace_c.o(.text)
    __vfscanf                                0x08001059   Thumb Code   808  _scanf.o(.text)
    __aeabi_ui2d                             0x08001385   Thumb Code    26  dfltui.o(.text)
    __ctype_lookup                           0x080013a1   Thumb Code    34  ctype_c.o(.text)
    BusFault_Handler                         0x080013c9   Thumb Code     2  stm32f1xx_it.o(i.BusFault_Handler)
    DebugMon_Handler                         0x080013cb   Thumb Code     2  stm32f1xx_it.o(i.DebugMon_Handler)
    Error_Handler                            0x080013cd   Thumb Code     2  main.o(i.Error_Handler)
    GPS_CallBack                             0x080013d1   Thumb Code    52  gps.o(i.GPS_CallBack)
    GPS_Init                                 0x08001411   Thumb Code    20  gps.o(i.GPS_Init)
    GPS_Process                              0x0800142d   Thumb Code   360  gps.o(i.GPS_Process)
    HAL_DMA_Abort_IT                         0x08001621   Thumb Code   148  stm32f1xx_hal_dma.o(i.HAL_DMA_Abort_IT)
    HAL_GPIO_Init                            0x080016b9   Thumb Code   446  stm32f1xx_hal_gpio.o(i.HAL_GPIO_Init)
    HAL_GetTick                              0x08001899   Thumb Code     6  stm32f1xx_hal.o(i.HAL_GetTick)
    HAL_I2C_Init                             0x080018a5   Thumb Code   356  stm32f1xx_hal_i2c.o(i.HAL_I2C_Init)
    HAL_I2C_MspInit                          0x08001a19   Thumb Code    96  i2c.o(i.HAL_I2C_MspInit)
    HAL_IncTick                              0x08001a89   Thumb Code    12  stm32f1xx_hal.o(i.HAL_IncTick)
    HAL_Init                                 0x08001a99   Thumb Code    32  stm32f1xx_hal.o(i.HAL_Init)
    HAL_InitTick                             0x08001abd   Thumb Code    54  stm32f1xx_hal.o(i.HAL_InitTick)
    HAL_MspInit                              0x08001afd   Thumb Code    52  stm32f1xx_hal_msp.o(i.HAL_MspInit)
    HAL_NVIC_EnableIRQ                       0x08001b39   Thumb Code    26  stm32f1xx_hal_cortex.o(i.HAL_NVIC_EnableIRQ)
    HAL_NVIC_SetPriority                     0x08001b55   Thumb Code    60  stm32f1xx_hal_cortex.o(i.HAL_NVIC_SetPriority)
    HAL_NVIC_SetPriorityGrouping             0x08001b95   Thumb Code    26  stm32f1xx_hal_cortex.o(i.HAL_NVIC_SetPriorityGrouping)
    HAL_RCC_ClockConfig                      0x08001bb9   Thumb Code   280  stm32f1xx_hal_rcc.o(i.HAL_RCC_ClockConfig)
    HAL_RCC_GetPCLK1Freq                     0x08001ce5   Thumb Code    20  stm32f1xx_hal_rcc.o(i.HAL_RCC_GetPCLK1Freq)
    HAL_RCC_GetPCLK2Freq                     0x08001d05   Thumb Code    20  stm32f1xx_hal_rcc.o(i.HAL_RCC_GetPCLK2Freq)
    HAL_RCC_GetSysClockFreq                  0x08001d25   Thumb Code    74  stm32f1xx_hal_rcc.o(i.HAL_RCC_GetSysClockFreq)
    HAL_RCC_OscConfig                        0x08001d91   Thumb Code   778  stm32f1xx_hal_rcc.o(i.HAL_RCC_OscConfig)
    HAL_SYSTICK_Config                       0x080020b1   Thumb Code    40  stm32f1xx_hal_cortex.o(i.HAL_SYSTICK_Config)
    HAL_UART_ErrorCallback                   0x080020d9   Thumb Code     2  stm32f1xx_hal_uart.o(i.HAL_UART_ErrorCallback)
    HAL_UART_IRQHandler                      0x080020dd   Thumb Code   266  stm32f1xx_hal_uart.o(i.HAL_UART_IRQHandler)
    HAL_UART_Init                            0x080021ed   Thumb Code    98  stm32f1xx_hal_uart.o(i.HAL_UART_Init)
    HAL_UART_MspInit                         0x08002251   Thumb Code   198  usart.o(i.HAL_UART_MspInit)
    HAL_UART_Receive_IT                      0x08002329   Thumb Code    82  stm32f1xx_hal_uart.o(i.HAL_UART_Receive_IT)
    HAL_UART_RxCpltCallback                  0x0800237b   Thumb Code     4  main.o(i.HAL_UART_RxCpltCallback)
    HAL_UART_Transmit                        0x0800237f   Thumb Code   186  stm32f1xx_hal_uart.o(i.HAL_UART_Transmit)
    HAL_UART_TxCpltCallback                  0x08002439   Thumb Code     2  stm32f1xx_hal_uart.o(i.HAL_UART_TxCpltCallback)
    HardFault_Handler                        0x0800243b   Thumb Code     2  stm32f1xx_it.o(i.HardFault_Handler)
    MX_GPIO_Init                             0x0800243d   Thumb Code    54  gpio.o(i.MX_GPIO_Init)
    MX_I2C1_Init                             0x08002479   Thumb Code    50  i2c.o(i.MX_I2C1_Init)
    MX_USART1_UART_Init                      0x080024b9   Thumb Code    48  usart.o(i.MX_USART1_UART_Init)
    MX_USART2_UART_Init                      0x080024f1   Thumb Code    48  usart.o(i.MX_USART2_UART_Init)
    MemManage_Handler                        0x08002529   Thumb Code     2  stm32f1xx_it.o(i.MemManage_Handler)
    NMI_Handler                              0x0800252b   Thumb Code     2  stm32f1xx_it.o(i.NMI_Handler)
    PendSV_Handler                           0x0800252d   Thumb Code     2  stm32f1xx_it.o(i.PendSV_Handler)
    SVC_Handler                              0x0800252f   Thumb Code     2  stm32f1xx_it.o(i.SVC_Handler)
    SysTick_Handler                          0x08002531   Thumb Code     4  stm32f1xx_it.o(i.SysTick_Handler)
    SystemClock_Config                       0x08002535   Thumb Code    78  main.o(i.SystemClock_Config)
    SystemInit                               0x08002585   Thumb Code    56  system_stm32f1xx.o(i.SystemInit)
    USART1_IRQHandler                        0x08002811   Thumb Code     6  stm32f1xx_it.o(i.USART1_IRQHandler)
    USART2_IRQHandler                        0x0800281d   Thumb Code     6  stm32f1xx_it.o(i.USART2_IRQHandler)
    UsageFault_Handler                       0x08002829   Thumb Code     2  stm32f1xx_it.o(i.UsageFault_Handler)
    __0printf                                0x0800282d   Thumb Code    22  printfa.o(i.__0printf)
    __1printf                                0x0800282d   Thumb Code     0  printfa.o(i.__0printf)
    __2printf                                0x0800282d   Thumb Code     0  printfa.o(i.__0printf)
    __c89printf                              0x0800282d   Thumb Code     0  printfa.o(i.__0printf)
    printf                                   0x0800282d   Thumb Code     0  printfa.o(i.__0printf)
    __ARM_fpclassify                         0x0800284d   Thumb Code    40  fpclassify.o(i.__ARM_fpclassify)
    __ieee754_rem_pio2                       0x08002895   Thumb Code   828  rred.o(i.__ieee754_rem_pio2)
    __kernel_cos                             0x08002c1d   Thumb Code   230  cos_i.o(i.__kernel_cos)
    __kernel_poly                            0x08002d19   Thumb Code   170  poly.o(i.__kernel_poly)
    __kernel_sin                             0x08002dc5   Thumb Code   224  sin_i.o(i.__kernel_sin)
    __mathlib_dbl_infnan                     0x08002eb1   Thumb Code     6  dunder.o(i.__mathlib_dbl_infnan)
    __mathlib_dbl_infnan2                    0x08002eb7   Thumb Code     4  dunder.o(i.__mathlib_dbl_infnan2)
    __mathlib_dbl_invalid                    0x08002ebb   Thumb Code    12  dunder.o(i.__mathlib_dbl_invalid)
    __mathlib_dbl_underflow                  0x08002ec9   Thumb Code    10  dunder.o(i.__mathlib_dbl_underflow)
    __scatterload_copy                       0x08002ed9   Thumb Code    14  handlers.o(i.__scatterload_copy)
    __scatterload_null                       0x08002ee7   Thumb Code     2  handlers.o(i.__scatterload_null)
    __scatterload_zeroinit                   0x08002ee9   Thumb Code    14  handlers.o(i.__scatterload_zeroinit)
    __set_errno                              0x08002ef9   Thumb Code     6  errno.o(i.__set_errno)
    _is_digit                                0x08003089   Thumb Code    14  scanf_fp.o(i._is_digit)
    atan                                     0x080037c9   Thumb Code   474  atan.o(i.atan)
    atan2                                    0x080039e9   Thumb Code   346  atan2.o(i.atan2)
    convertDegMinToDecDeg                    0x08003b69   Thumb Code    72  gps.o(i.convertDegMinToDecDeg)
    cos                                      0x08003bbd   Thumb Code   148  cos.o(i.cos)
    fmod                                     0x08003c59   Thumb Code   144  fmod.o(i.fmod)
    fputc                                    0x08003ced   Thumb Code    20  usart.o(i.fputc)
    gcj02_to_bd09                            0x08003d05   Thumb Code   214  transform.o(i.gcj02_to_bd09)
    main                                     0x08003e05   Thumb Code    34  main.o(i.main)
    sin                                      0x08003e29   Thumb Code   150  sin.o(i.sin)
    sqrt                                     0x08003ec9   Thumb Code    76  sqrt.o(i.sqrt)
    wgs84_to_gcj02                           0x08004315   Thumb Code   316  transform.o(i.wgs84_to_gcj02)
    AHBPrescTable                            0x0800447c   Data          16  system_stm32f1xx.o(.constdata)
    APBPrescTable                            0x0800448c   Data           8  system_stm32f1xx.o(.constdata)
    __mathlib_zero                           0x08004560   Data           8  qnan.o(.constdata)
    __ctype_categories                       0x08004658   Data          64  ctype_c.o(.constdata)
    Region$$Table$$Base                      0x08004758   Number         0  anon$$obj.o(Region$$Table)
    Region$$Table$$Limit                     0x08004778   Number         0  anon$$obj.o(Region$$Table)
    uwTickFreq                               0x20000000   Data           1  stm32f1xx_hal.o(.data)
    uwTickPrio                               0x20000004   Data           4  stm32f1xx_hal.o(.data)
    uwTick                                   0x20000008   Data           4  stm32f1xx_hal.o(.data)
    SystemCoreClock                          0x2000000c   Data           4  system_stm32f1xx.o(.data)
    __stdout                                 0x20000010   Data           4  stdout.o(.data)
    GPS                                      0x20000018   Data         592  gps.o(.bss)
    hi2c1                                    0x20000268   Data          84  i2c.o(.bss)
    huart1                                   0x200002bc   Data          64  usart.o(.bss)
    huart2                                   0x200002fc   Data          64  usart.o(.bss)
    __initial_sp                             0x20000740   Data           0  startup_stm32f103xb.o(STACK)



==============================================================================

Memory Map of the image

  Image Entry point : 0x080000ed

  Load Region LR_IROM1 (Base: 0x08000000, Size: 0x00004790, Max: 0x00020000, ABSOLUTE)

    Execution Region ER_IROM1 (Exec base: 0x08000000, Load base: 0x08000000, Size: 0x00004778, Max: 0x00020000, ABSOLUTE)

    Exec Addr    Load Addr    Size         Type   Attr      Idx    E Section Name        Object

    0x08000000   0x08000000   0x000000ec   Data   RO            3    RESET               startup_stm32f103xb.o
    0x080000ec   0x080000ec   0x00000000   Code   RO         2354  * .ARM.Collect$$$$00000000  mc_w.l(entry.o)
    0x080000ec   0x080000ec   0x00000004   Code   RO         2693    .ARM.Collect$$$$00000001  mc_w.l(entry2.o)
    0x080000f0   0x080000f0   0x00000004   Code   RO         2696    .ARM.Collect$$$$00000004  mc_w.l(entry5.o)
    0x080000f4   0x080000f4   0x00000000   Code   RO         2698    .ARM.Collect$$$$00000008  mc_w.l(entry7b.o)
    0x080000f4   0x080000f4   0x00000000   Code   RO         2700    .ARM.Collect$$$$0000000A  mc_w.l(entry8b.o)
    0x080000f4   0x080000f4   0x00000008   Code   RO         2701    .ARM.Collect$$$$0000000B  mc_w.l(entry9a.o)
    0x080000fc   0x080000fc   0x00000000   Code   RO         2703    .ARM.Collect$$$$0000000D  mc_w.l(entry10a.o)
    0x080000fc   0x080000fc   0x00000000   Code   RO         2705    .ARM.Collect$$$$0000000F  mc_w.l(entry11a.o)
    0x080000fc   0x080000fc   0x00000004   Code   RO         2694    .ARM.Collect$$$$00002712  mc_w.l(entry2.o)
    0x08000100   0x08000100   0x00000024   Code   RO            4    .text               startup_stm32f103xb.o
    0x08000124   0x08000124   0x00000020   Code   RO         2357    .text               mc_w.l(llushr.o)
    0x08000144   0x08000144   0x00000024   Code   RO         2359    .text               mc_w.l(memseta.o)
    0x08000168   0x08000168   0x00000024   Code   RO         2361    .text               mc_w.l(strstr.o)
    0x0800018c   0x0800018c   0x00000038   Code   RO         2624    .text               mc_w.l(__0sscanf.o)
    0x080001c4   0x080001c4   0x0000014c   Code   RO         2626    .text               mc_w.l(_scanf_int.o)
    0x08000310   0x08000310   0x000000e0   Code   RO         2628    .text               mc_w.l(_scanf_str.o)
    0x080003f0   0x080003f0   0x00000360   Code   RO         2630    .text               mc_w.l(scanf_fp.o)
    0x08000750   0x08000750   0x0000007c   Code   RO         2634    .text               mf_w.l(fdiv.o)
    0x080007cc   0x080007cc   0x0000014e   Code   RO         2636    .text               mf_w.l(dadd.o)
    0x0800091a   0x0800091a   0x000000e4   Code   RO         2638    .text               mf_w.l(dmul.o)
    0x080009fe   0x080009fe   0x000000de   Code   RO         2640    .text               mf_w.l(ddiv.o)
    0x08000adc   0x08000adc   0x0000002e   Code   RO         2642    .text               mf_w.l(dscalb.o)
    0x08000b0a   0x08000b0a   0x00000012   Code   RO         2644    .text               mf_w.l(fflti.o)
    0x08000b1c   0x08000b1c   0x00000022   Code   RO         2646    .text               mf_w.l(dflti.o)
    0x08000b3e   0x08000b3e   0x00000032   Code   RO         2648    .text               mf_w.l(ffixi.o)
    0x08000b70   0x08000b70   0x0000003e   Code   RO         2650    .text               mf_w.l(dfixi.o)
    0x08000bae   0x08000bae   0x00000026   Code   RO         2652    .text               mf_w.l(f2d.o)
    0x08000bd4   0x08000bd4   0x0000002c   Code   RO         2708    .text               mc_w.l(uidiv.o)
    0x08000c00   0x08000c00   0x00000062   Code   RO         2710    .text               mc_w.l(uldiv.o)
    0x08000c62   0x08000c62   0x0000001e   Code   RO         2712    .text               mc_w.l(llshl.o)
    0x08000c80   0x08000c80   0x00000024   Code   RO         2714    .text               mc_w.l(llsshr.o)
    0x08000ca4   0x08000ca4   0x0000001c   Code   RO         2723    .text               mc_w.l(_chval.o)
    0x08000cc0   0x08000cc0   0x00000028   Code   RO         2725    .text               mc_w.l(scanf_char.o)
    0x08000ce8   0x08000ce8   0x00000040   Code   RO         2727    .text               mc_w.l(_sgetc.o)
    0x08000d28   0x08000d28   0x00000000   Code   RO         2729    .text               mc_w.l(iusefp.o)
    0x08000d28   0x08000d28   0x0000006e   Code   RO         2730    .text               mf_w.l(fepilogue.o)
    0x08000d96   0x08000d96   0x000000ba   Code   RO         2732    .text               mf_w.l(depilogue.o)
    0x08000e50   0x08000e50   0x000000a2   Code   RO         2734    .text               mf_w.l(dsqrt.o)
    0x08000ef2   0x08000ef2   0x00000086   Code   RO         2736    .text               mf_w.l(drem.o)
    0x08000f78   0x08000f78   0x00000018   Code   RO         2738    .text               mf_w.l(dfltul.o)
    0x08000f90   0x08000f90   0x00000030   Code   RO         2740    .text               mf_w.l(dfixul.o)
    0x08000fc0   0x08000fc0   0x00000030   Code   RO         2744    .text               mf_w.l(cdrcmple.o)
    0x08000ff0   0x08000ff0   0x00000038   Code   RO         2746    .text               mf_w.l(d2f.o)
    0x08001028   0x08001028   0x00000024   Code   RO         2752    .text               mc_w.l(init.o)
    0x0800104c   0x0800104c   0x0000000a   Code   RO         2754    .text               mc_w.l(isspace_c.o)
    0x08001056   0x08001056   0x00000002   PAD
    0x08001058   0x08001058   0x0000032c   Code   RO         2756    .text               mc_w.l(_scanf.o)
    0x08001384   0x08001384   0x0000001a   Code   RO         2758    .text               mf_w.l(dfltui.o)
    0x0800139e   0x0800139e   0x00000002   PAD
    0x080013a0   0x080013a0   0x00000028   Code   RO         2760    .text               mc_w.l(ctype_c.o)
    0x080013c8   0x080013c8   0x00000002   Code   RO          341    i.BusFault_Handler  stm32f1xx_it.o
    0x080013ca   0x080013ca   0x00000002   Code   RO          342    i.DebugMon_Handler  stm32f1xx_it.o
    0x080013cc   0x080013cc   0x00000002   Code   RO          168    i.Error_Handler     main.o
    0x080013ce   0x080013ce   0x00000002   PAD
    0x080013d0   0x080013d0   0x00000040   Code   RO           13    i.GPS_CallBack      gps.o
    0x08001410   0x08001410   0x0000001c   Code   RO           14    i.GPS_Init          gps.o
    0x0800142c   0x0800142c   0x000001f4   Code   RO           15    i.GPS_Process       gps.o
    0x08001620   0x08001620   0x00000098   Code   RO         1322    i.HAL_DMA_Abort_IT  stm32f1xx_hal_dma.o
    0x080016b8   0x080016b8   0x000001e0   Code   RO         1257    i.HAL_GPIO_Init     stm32f1xx_hal_gpio.o
    0x08001898   0x08001898   0x0000000c   Code   RO          953    i.HAL_GetTick       stm32f1xx_hal.o
    0x080018a4   0x080018a4   0x00000174   Code   RO          531    i.HAL_I2C_Init      stm32f1xx_hal_i2c.o
    0x08001a18   0x08001a18   0x00000070   Code   RO          246    i.HAL_I2C_MspInit   i2c.o
    0x08001a88   0x08001a88   0x00000010   Code   RO          959    i.HAL_IncTick       stm32f1xx_hal.o
    0x08001a98   0x08001a98   0x00000024   Code   RO          960    i.HAL_Init          stm32f1xx_hal.o
    0x08001abc   0x08001abc   0x00000040   Code   RO          961    i.HAL_InitTick      stm32f1xx_hal.o
    0x08001afc   0x08001afc   0x0000003c   Code   RO          429    i.HAL_MspInit       stm32f1xx_hal_msp.o
    0x08001b38   0x08001b38   0x0000001a   Code   RO         1417    i.HAL_NVIC_EnableIRQ  stm32f1xx_hal_cortex.o
    0x08001b52   0x08001b52   0x00000002   PAD
    0x08001b54   0x08001b54   0x00000040   Code   RO         1423    i.HAL_NVIC_SetPriority  stm32f1xx_hal_cortex.o
    0x08001b94   0x08001b94   0x00000024   Code   RO         1424    i.HAL_NVIC_SetPriorityGrouping  stm32f1xx_hal_cortex.o
    0x08001bb8   0x08001bb8   0x0000012c   Code   RO         1117    i.HAL_RCC_ClockConfig  stm32f1xx_hal_rcc.o
    0x08001ce4   0x08001ce4   0x00000020   Code   RO         1124    i.HAL_RCC_GetPCLK1Freq  stm32f1xx_hal_rcc.o
    0x08001d04   0x08001d04   0x00000020   Code   RO         1125    i.HAL_RCC_GetPCLK2Freq  stm32f1xx_hal_rcc.o
    0x08001d24   0x08001d24   0x0000006c   Code   RO         1126    i.HAL_RCC_GetSysClockFreq  stm32f1xx_hal_rcc.o
    0x08001d90   0x08001d90   0x00000320   Code   RO         1129    i.HAL_RCC_OscConfig  stm32f1xx_hal_rcc.o
    0x080020b0   0x080020b0   0x00000028   Code   RO         1428    i.HAL_SYSTICK_Config  stm32f1xx_hal_cortex.o
    0x080020d8   0x080020d8   0x00000002   Code   RO         1974    i.HAL_UART_ErrorCallback  stm32f1xx_hal_uart.o
    0x080020da   0x080020da   0x00000002   PAD
    0x080020dc   0x080020dc   0x00000110   Code   RO         1977    i.HAL_UART_IRQHandler  stm32f1xx_hal_uart.o
    0x080021ec   0x080021ec   0x00000062   Code   RO         1978    i.HAL_UART_Init     stm32f1xx_hal_uart.o
    0x0800224e   0x0800224e   0x00000002   PAD
    0x08002250   0x08002250   0x000000d8   Code   RO          288    i.HAL_UART_MspInit  usart.o
    0x08002328   0x08002328   0x00000052   Code   RO         1983    i.HAL_UART_Receive_IT  stm32f1xx_hal_uart.o
    0x0800237a   0x0800237a   0x00000004   Code   RO          169    i.HAL_UART_RxCpltCallback  main.o
    0x0800237e   0x0800237e   0x000000ba   Code   RO         1986    i.HAL_UART_Transmit  stm32f1xx_hal_uart.o
    0x08002438   0x08002438   0x00000002   Code   RO         1989    i.HAL_UART_TxCpltCallback  stm32f1xx_hal_uart.o
    0x0800243a   0x0800243a   0x00000002   Code   RO          343    i.HardFault_Handler  stm32f1xx_it.o
    0x0800243c   0x0800243c   0x0000003c   Code   RO          221    i.MX_GPIO_Init      gpio.o
    0x08002478   0x08002478   0x00000040   Code   RO          247    i.MX_I2C1_Init      i2c.o
    0x080024b8   0x080024b8   0x00000038   Code   RO          289    i.MX_USART1_UART_Init  usart.o
    0x080024f0   0x080024f0   0x00000038   Code   RO          290    i.MX_USART2_UART_Init  usart.o
    0x08002528   0x08002528   0x00000002   Code   RO          344    i.MemManage_Handler  stm32f1xx_it.o
    0x0800252a   0x0800252a   0x00000002   Code   RO          345    i.NMI_Handler       stm32f1xx_it.o
    0x0800252c   0x0800252c   0x00000002   Code   RO          346    i.PendSV_Handler    stm32f1xx_it.o
    0x0800252e   0x0800252e   0x00000002   Code   RO          347    i.SVC_Handler       stm32f1xx_it.o
    0x08002530   0x08002530   0x00000004   Code   RO          348    i.SysTick_Handler   stm32f1xx_it.o
    0x08002534   0x08002534   0x0000004e   Code   RO          170    i.SystemClock_Config  main.o
    0x08002582   0x08002582   0x00000002   PAD
    0x08002584   0x08002584   0x00000048   Code   RO         2280    i.SystemInit        system_stm32f1xx.o
    0x080025cc   0x080025cc   0x00000010   Code   RO         1991    i.UART_DMAAbortOnError  stm32f1xx_hal_uart.o
    0x080025dc   0x080025dc   0x0000001c   Code   RO         2001    i.UART_EndRxTransfer  stm32f1xx_hal_uart.o
    0x080025f8   0x080025f8   0x00000096   Code   RO         2003    i.UART_Receive_IT   stm32f1xx_hal_uart.o
    0x0800268e   0x0800268e   0x00000002   PAD
    0x08002690   0x08002690   0x000000b8   Code   RO         2004    i.UART_SetConfig    stm32f1xx_hal_uart.o
    0x08002748   0x08002748   0x00000062   Code   RO         2005    i.UART_Transmit_IT  stm32f1xx_hal_uart.o
    0x080027aa   0x080027aa   0x00000064   Code   RO         2006    i.UART_WaitOnFlagUntilTimeout  stm32f1xx_hal_uart.o
    0x0800280e   0x0800280e   0x00000002   PAD
    0x08002810   0x08002810   0x0000000c   Code   RO          349    i.USART1_IRQHandler  stm32f1xx_it.o
    0x0800281c   0x0800281c   0x0000000c   Code   RO          350    i.USART2_IRQHandler  stm32f1xx_it.o
    0x08002828   0x08002828   0x00000002   Code   RO          351    i.UsageFault_Handler  stm32f1xx_it.o
    0x0800282a   0x0800282a   0x00000002   PAD
    0x0800282c   0x0800282c   0x00000020   Code   RO         2596    i.__0printf         mc_w.l(printfa.o)
    0x0800284c   0x0800284c   0x00000028   Code   RO         2748    i.__ARM_fpclassify  m_ws.l(fpclassify.o)
    0x08002874   0x08002874   0x00000020   Code   RO         1430    i.__NVIC_SetPriority  stm32f1xx_hal_cortex.o
    0x08002894   0x08002894   0x00000388   Code   RO         2682    i.__ieee754_rem_pio2  m_ws.l(rred.o)
    0x08002c1c   0x08002c1c   0x000000fc   Code   RO         2664    i.__kernel_cos      m_ws.l(cos_i.o)
    0x08002d18   0x08002d18   0x000000aa   Code   RO         2750    i.__kernel_poly     m_ws.l(poly.o)
    0x08002dc2   0x08002dc2   0x00000002   PAD
    0x08002dc4   0x08002dc4   0x000000ec   Code   RO         2687    i.__kernel_sin      m_ws.l(sin_i.o)
    0x08002eb0   0x08002eb0   0x00000006   Code   RO         2668    i.__mathlib_dbl_infnan  m_ws.l(dunder.o)
    0x08002eb6   0x08002eb6   0x00000004   Code   RO         2669    i.__mathlib_dbl_infnan2  m_ws.l(dunder.o)
    0x08002eba   0x08002eba   0x0000000c   Code   RO         2670    i.__mathlib_dbl_invalid  m_ws.l(dunder.o)
    0x08002ec6   0x08002ec6   0x00000002   PAD
    0x08002ec8   0x08002ec8   0x00000010   Code   RO         2673    i.__mathlib_dbl_underflow  m_ws.l(dunder.o)
    0x08002ed8   0x08002ed8   0x0000000e   Code   RO         2765    i.__scatterload_copy  mc_w.l(handlers.o)
    0x08002ee6   0x08002ee6   0x00000002   Code   RO         2766    i.__scatterload_null  mc_w.l(handlers.o)
    0x08002ee8   0x08002ee8   0x0000000e   Code   RO         2767    i.__scatterload_zeroinit  mc_w.l(handlers.o)
    0x08002ef6   0x08002ef6   0x00000002   PAD
    0x08002ef8   0x08002ef8   0x0000000c   Code   RO         2718    i.__set_errno       mc_w.l(errno.o)
    0x08002f04   0x08002f04   0x00000184   Code   RO         2603    i._fp_digits        mc_w.l(printfa.o)
    0x08003088   0x08003088   0x0000000e   Code   RO         2632    i._is_digit         mc_w.l(scanf_fp.o)
    0x08003096   0x08003096   0x00000002   PAD
    0x08003098   0x08003098   0x000006dc   Code   RO         2604    i._printf_core      mc_w.l(printfa.o)
    0x08003774   0x08003774   0x00000024   Code   RO         2605    i._printf_post_padding  mc_w.l(printfa.o)
    0x08003798   0x08003798   0x0000002e   Code   RO         2606    i._printf_pre_padding  mc_w.l(printfa.o)
    0x080037c6   0x080037c6   0x00000002   PAD
    0x080037c8   0x080037c8   0x00000220   Code   RO         2655    i.atan              m_ws.l(atan.o)
    0x080039e8   0x080039e8   0x00000180   Code   RO         2315    i.atan2             m_ws.l(atan2.o)
    0x08003b68   0x08003b68   0x00000054   Code   RO           16    i.convertDegMinToDecDeg  gps.o
    0x08003bbc   0x08003bbc   0x0000009c   Code   RO         2323    i.cos               m_ws.l(cos.o)
    0x08003c58   0x08003c58   0x00000094   Code   RO         2331    i.fmod              m_ws.l(fmod.o)
    0x08003cec   0x08003cec   0x00000018   Code   RO          291    i.fputc             usart.o
    0x08003d04   0x08003d04   0x00000100   Code   RO          450    i.gcj02_to_bd09     transform.o
    0x08003e04   0x08003e04   0x00000022   Code   RO          171    i.main              main.o
    0x08003e26   0x08003e26   0x00000002   PAD
    0x08003e28   0x08003e28   0x000000a0   Code   RO         2339    i.sin               m_ws.l(sin.o)
    0x08003ec8   0x08003ec8   0x0000004c   Code   RO         2347    i.sqrt              m_ws.l(sqrt.o)
    0x08003f14   0x08003f14   0x00000204   Code   RO          451    i.transformLat      transform.o
    0x08004118   0x08004118   0x000001fc   Code   RO          452    i.transformLon      transform.o
    0x08004314   0x08004314   0x00000168   Code   RO          453    i.wgs84_to_gcj02    transform.o
    0x0800447c   0x0800447c   0x00000010   Data   RO         2281    .constdata          system_stm32f1xx.o
    0x0800448c   0x0800448c   0x00000008   Data   RO         2282    .constdata          system_stm32f1xx.o
    0x08004494   0x08004494   0x00000004   PAD
    0x08004498   0x08004498   0x00000098   Data   RO         2656    .constdata          m_ws.l(atan.o)
    0x08004530   0x08004530   0x00000030   Data   RO         2665    .constdata          m_ws.l(cos_i.o)
    0x08004560   0x08004560   0x00000008   Data   RO         2681    .constdata          m_ws.l(qnan.o)
    0x08004568   0x08004568   0x000000c8   Data   RO         2684    .constdata          m_ws.l(rred.o)
    0x08004630   0x08004630   0x00000028   Data   RO         2688    .constdata          m_ws.l(sin_i.o)
    0x08004658   0x08004658   0x00000040   Data   RO         2761    .constdata          mc_w.l(ctype_c.o)
    0x08004698   0x08004698   0x000000bd   Data   RO           18    .conststring        gps.o
    0x08004755   0x08004755   0x00000003   PAD
    0x08004758   0x08004758   0x00000020   Data   RO         2763    Region$$Table       anon$$obj.o


    Execution Region RW_IRAM1 (Exec base: 0x20000000, Load base: 0x08004778, Size: 0x00000740, Max: 0x00005000, ABSOLUTE)

    Exec Addr    Load Addr    Size         Type   Attr      Idx    E Section Name        Object

    0x20000000   0x08004778   0x0000000c   Data   RW          967    .data               stm32f1xx_hal.o
    0x2000000c   0x08004784   0x00000004   Data   RW         2283    .data               system_stm32f1xx.o
    0x20000010   0x08004788   0x00000004   Data   RW         2707    .data               mc_w.l(stdout.o)
    0x20000014   0x0800478c   0x00000004   Data   RW         2719    .data               mc_w.l(errno.o)
    0x20000018        -       0x00000250   Zero   RW           17    .bss                gps.o
    0x20000268        -       0x00000054   Zero   RW          248    .bss                i2c.o
    0x200002bc        -       0x00000080   Zero   RW          292    .bss                usart.o
    0x2000033c   0x08004790   0x00000004   PAD
    0x20000340        -       0x00000400   Zero   RW            1    STACK               startup_stm32f103xb.o


==============================================================================

Image component sizes


      Code (inc. data)   RO Data    RW Data    ZI Data      Debug   Object Name

        60          6          0          0          0        775   gpio.o
       676        172        189          0        592     404594   gps.o
       176         30          0          0         84       1589   i2c.o
       118          0          0          0          0       2218   main.o
        36          8        236          0       1024        796   startup_stm32f103xb.o
       128         24          0         12          0       5233   stm32f1xx_hal.o
       198         14          0          0          0      28887   stm32f1xx_hal_cortex.o
       152          4          0          0          0       1087   stm32f1xx_hal_dma.o
       480         34          0          0          0       2248   stm32f1xx_hal_gpio.o
       372         16          0          0          0       2903   stm32f1xx_hal_i2c.o
        60          8          0          0          0        826   stm32f1xx_hal_msp.o
      1272        100          0          0          0       5140   stm32f1xx_hal_rcc.o
      1218         12          0          0          0       9211   stm32f1xx_hal_uart.o
        44         12          0          0          0       4554   stm32f1xx_it.o
        72         16         24          4          0       1135   system_stm32f1xx.o
      1640        192          0          0          0       2957   transform.o
       352         38          0          0        128       2827   usart.o

    ----------------------------------------------------------------------
      7072        686        488         16       1832     476980   Object Totals
         0          0         32          0          0          0   (incl. Generated)
        18          0          7          0          4          0   (incl. Padding)

    ----------------------------------------------------------------------

      Code (inc. data)   RO Data    RW Data    ZI Data      Debug   Library Member Name

       544         70        152          0          0        124   atan.o
       384         38          0          0          0        144   atan2.o
       156          8          0          0          0        104   cos.o
       252         22         48          0          0        124   cos_i.o
        38          6          0          0          0        272   dunder.o
       148          4          0          0          0         88   fmod.o
        40          0          0          0          0         68   fpclassify.o
       170          0          0          0          0         96   poly.o
         0          0          8          0          0          0   qnan.o
       904         76        200          0          0        140   rred.o
       160         10          0          0          0        108   sin.o
       236         12         40          0          0        128   sin_i.o
        76          0          0          0          0         84   sqrt.o
        56          8          0          0          0         84   __0sscanf.o
        28          0          0          0          0         68   _chval.o
       812          4          0          0          0        112   _scanf.o
       332          0          0          0          0         96   _scanf_int.o
       224          0          0          0          0         96   _scanf_str.o
        64          0          0          0          0         84   _sgetc.o
        40          6         64          0          0         68   ctype_c.o
         0          0          0          0          0          0   entry.o
         0          0          0          0          0          0   entry10a.o
         0          0          0          0          0          0   entry11a.o
         8          4          0          0          0          0   entry2.o
         4          0          0          0          0          0   entry5.o
         0          0          0          0          0          0   entry7b.o
         0          0          0          0          0          0   entry8b.o
         8          4          0          0          0          0   entry9a.o
        12          6          0          4          0         68   errno.o
        30          0          0          0          0          0   handlers.o
        36          8          0          0          0         68   init.o
        10          0          0          0          0         68   isspace_c.o
         0          0          0          0          0          0   iusefp.o
        30          0          0          0          0         68   llshl.o
        36          0          0          0          0         68   llsshr.o
        32          0          0          0          0         68   llushr.o
        36          0          0          0          0        108   memseta.o
      2258         90          0          0          0        452   printfa.o
        40          8          0          0          0         84   scanf_char.o
       878         12          0          0          0        216   scanf_fp.o
         0          0          0          4          0          0   stdout.o
        36          0          0          0          0         80   strstr.o
        44          0          0          0          0         80   uidiv.o
        98          0          0          0          0         92   uldiv.o
        48          0          0          0          0         68   cdrcmple.o
        56          0          0          0          0         88   d2f.o
       334          0          0          0          0        148   dadd.o
       222          0          0          0          0        100   ddiv.o
       186          0          0          0          0        176   depilogue.o
        62          0          0          0          0         80   dfixi.o
        48          0          0          0          0         68   dfixul.o
        34          0          0          0          0         76   dflti.o
        26          0          0          0          0         76   dfltui.o
        24          0          0          0          0         76   dfltul.o
       228          0          0          0          0         96   dmul.o
       134          0          0          0          0         96   drem.o
        46          0          0          0          0         80   dscalb.o
       162          0          0          0          0        100   dsqrt.o
        38          0          0          0          0         68   f2d.o
       124          0          0          0          0         88   fdiv.o
       110          0          0          0          0        168   fepilogue.o
        50          0          0          0          0         68   ffixi.o
        18          0          0          0          0         68   fflti.o

    ----------------------------------------------------------------------
     10224        396        512          8          0       5396   Library Totals
        14          0          0          0          0          0   (incl. Padding)

    ----------------------------------------------------------------------

      Code (inc. data)   RO Data    RW Data    ZI Data      Debug   Library Name

      3108        246        448          0          0       1480   m_ws.l
      5152        150         64          8          0       2128   mc_w.l
      1950          0          0          0          0       1788   mf_w.l

    ----------------------------------------------------------------------
     10224        396        512          8          0       5396   Library Totals

    ----------------------------------------------------------------------

==============================================================================


      Code (inc. data)   RO Data    RW Data    ZI Data      Debug   

     17296       1082       1000         24       1832     476548   Grand Totals
     17296       1082       1000         24       1832     476548   ELF Image Totals
     17296       1082       1000         24          0          0   ROM Totals

==============================================================================

    Total RO  Size (Code + RO Data)                18296 (  17.87kB)
    Total RW  Size (RW Data + ZI Data)              1856 (   1.81kB)
    Total ROM Size (Code + RO Data + RW Data)      18320 (  17.89kB)

==============================================================================

